Component: ARM Compiler 5.06 update 6 (build 750) Tool: armlink [4d35ed]

==============================================================================

Section Cross References

    startup_stm32f103xb.o(RESET) refers to startup_stm32f103xb.o(STACK) for __initial_sp
    startup_stm32f103xb.o(RESET) refers to startup_stm32f103xb.o(.text) for Reset_Handler
    startup_stm32f103xb.o(RESET) refers to stm32f1xx_it.o(i.NMI_Handler) for NMI_Handler
    startup_stm32f103xb.o(RESET) refers to stm32f1xx_it.o(i.HardFault_Handler) for HardFault_Handler
    startup_stm32f103xb.o(RESET) refers to stm32f1xx_it.o(i.MemManage_Handler) for MemManage_Handler
    startup_stm32f103xb.o(RESET) refers to stm32f1xx_it.o(i.BusFault_Handler) for BusFault_Handler
    startup_stm32f103xb.o(RESET) refers to stm32f1xx_it.o(i.UsageFault_Handler) for UsageFault_Handler
    startup_stm32f103xb.o(RESET) refers to stm32f1xx_it.o(i.SVC_Handler) for SVC_Handler
    startup_stm32f103xb.o(RESET) refers to stm32f1xx_it.o(i.DebugMon_Handler) for DebugMon_Handler
    startup_stm32f103xb.o(RESET) refers to stm32f1xx_it.o(i.PendSV_Handler) for PendSV_Handler
    startup_stm32f103xb.o(RESET) refers to stm32f1xx_it.o(i.SysTick_Handler) for SysTick_Handler
    startup_stm32f103xb.o(RESET) refers to stm32f1xx_it.o(i.USART1_IRQHandler) for USART1_IRQHandler
    startup_stm32f103xb.o(.text) refers to system_stm32f1xx.o(i.SystemInit) for SystemInit
    startup_stm32f103xb.o(.text) refers to entry.o(.ARM.Collect$$$$00000000) for __main
    main.o(i.HAL_GPIO_EXTI_Callback) refers to printf8.o(i.__0printf$8) for __2printf
    main.o(i.HAL_GPIO_EXTI_Callback) refers to main.o(.data) for .data
    main.o(i.HAL_UART_RxCpltCallback) refers to printf8.o(i.__0printf$8) for __2printf
    main.o(i.HAL_UART_RxCpltCallback) refers to eeprom.o(i.EEPROM_outrangeprint) for EEPROM_outrangeprint
    main.o(i.HAL_UART_RxCpltCallback) refers to stm32f1xx_hal_uart.o(i.HAL_UART_Receive_IT) for HAL_UART_Receive_IT
    main.o(i.HAL_UART_RxCpltCallback) refers to main.o(.data) for .data
    main.o(i.SystemClock_Config) refers to memseta.o(.text) for __aeabi_memclr4
    main.o(i.SystemClock_Config) refers to stm32f1xx_hal_rcc.o(i.HAL_RCC_OscConfig) for HAL_RCC_OscConfig
    main.o(i.SystemClock_Config) refers to stm32f1xx_hal_rcc.o(i.HAL_RCC_ClockConfig) for HAL_RCC_ClockConfig
    main.o(i.SystemClock_Config) refers to stm32f1xx_hal_rcc_ex.o(i.HAL_RCCEx_PeriphCLKConfig) for HAL_RCCEx_PeriphCLKConfig
    main.o(i.main) refers to stm32f1xx_hal.o(i.HAL_Init) for HAL_Init
    main.o(i.main) refers to main.o(i.SystemClock_Config) for SystemClock_Config
    main.o(i.main) refers to gpio.o(i.MX_GPIO_Init) for MX_GPIO_Init
    main.o(i.main) refers to i2c.o(i.MX_I2C1_Init) for MX_I2C1_Init
    main.o(i.main) refers to i2c.o(i.MX_I2C2_Init) for MX_I2C2_Init
    main.o(i.main) refers to spi.o(i.MX_SPI1_Init) for MX_SPI1_Init
    main.o(i.main) refers to usart.o(i.MX_USART1_UART_Init) for MX_USART1_UART_Init
    main.o(i.main) refers to adc.o(i.MX_ADC1_Init) for MX_ADC1_Init
    main.o(i.main) refers to oled.o(i.OLED_Init) for OLED_Init
    main.o(i.main) refers to oled.o(i.startscreen) for startscreen
    main.o(i.main) refers to gpio.o(i.ledb) for ledb
    main.o(i.main) refers to gpio.o(i.ledg) for ledg
    main.o(i.main) refers to gpio.o(i.ledr) for ledr
    main.o(i.main) refers to rc522.o(i.MFRC522_Init) for MFRC522_Init
    main.o(i.main) refers to stm32f1xx_hal_uart.o(i.HAL_UART_Receive_IT) for HAL_UART_Receive_IT
    main.o(i.main) refers to eeprom.o(i.EEPROM_Read) for EEPROM_Read
    main.o(i.main) refers to printf8.o(i.__0printf$8) for __2printf
    main.o(i.main) refers to eeprom.o(i.EEPROM_outrangeprint) for EEPROM_outrangeprint
    main.o(i.main) refers to ds3231.o(i.Get_Time) for Get_Time
    main.o(i.main) refers to printf8.o(i.__0sprintf$8) for __2sprintf
    main.o(i.main) refers to stm32f1xx_hal_adc.o(i.HAL_ADC_Start) for HAL_ADC_Start
    main.o(i.main) refers to stm32f1xx_hal_adc.o(i.HAL_ADC_PollForConversion) for HAL_ADC_PollForConversion
    main.o(i.main) refers to stm32f1xx_hal_adc.o(i.HAL_ADC_GetValue) for HAL_ADC_GetValue
    main.o(i.main) refers to oled.o(i.OLED_ShowCHinese) for OLED_ShowCHinese
    main.o(i.main) refers to stm32f1xx_hal.o(i.HAL_Delay) for HAL_Delay
    main.o(i.main) refers to eeprom.o(i.EEPROM_rangeerase) for EEPROM_rangeerase
    main.o(i.main) refers to eeprom.o(i.EEPROM_Write) for EEPROM_Write
    main.o(i.main) refers to rc522.o(i.MFRC522_Request) for MFRC522_Request
    main.o(i.main) refers to rc522.o(i.MFRC522_Anticoll) for MFRC522_Anticoll
    main.o(i.main) refers to oled.o(i.OLED_ShowString) for OLED_ShowString
    main.o(i.main) refers to main.o(.data) for .data
    main.o(i.main) refers to usart.o(.bss) for huart1
    main.o(i.main) refers to main.o(.bss) for .bss
    main.o(i.main) refers to adc.o(.bss) for hadc1
    main.o(i.main) refers to main.o(.conststring) for .conststring
[...]
    Removing stm32f1xx_hal_spi.o(i.SPI_DMAHalfReceiveCplt), (10 bytes).
    Removing stm32f1xx_hal_spi.o(i.SPI_DMAHalfTransmitCplt), (10 bytes).
    Removing stm32f1xx_hal_spi.o(i.SPI_DMAHalfTransmitReceiveCplt), (10 bytes).
    Removing stm32f1xx_hal_spi.o(i.SPI_DMAReceiveCplt), (106 bytes).
    Removing stm32f1xx_hal_spi.o(i.SPI_DMARxAbortCallback), (98 bytes).
    Removing stm32f1xx_hal_spi.o(i.SPI_DMATransmitCplt), (100 bytes).
    Removing stm32f1xx_hal_spi.o(i.SPI_DMATransmitReceiveCplt), (90 bytes).
    Removing stm32f1xx_hal_spi.o(i.SPI_DMATxAbortCallback), (112 bytes).
    Removing stm32f1xx_hal_spi.o(i.SPI_EndRxTransaction), (92 bytes).
    Removing stm32f1xx_hal_spi.o(i.SPI_RxISR_16BIT), (32 bytes).
    Removing stm32f1xx_hal_spi.o(i.SPI_RxISR_8BIT), (32 bytes).
    Removing stm32f1xx_hal_spi.o(i.SPI_TxISR_16BIT), (32 bytes).
    Removing stm32f1xx_hal_spi.o(i.SPI_TxISR_8BIT), (32 bytes).
    Removing stm32f1xx_hal_tim.o(.rev16_text), (4 bytes).
    Removing stm32f1xx_hal_tim.o(.revsh_text), (4 bytes).
    Removing stm32f1xx_hal_tim.o(.rrx_text), (6 bytes).
    Removing stm32f1xx_hal_tim_ex.o(.rev16_text), (4 bytes).
    Removing stm32f1xx_hal_tim_ex.o(.revsh_text), (4 bytes).
    Removing stm32f1xx_hal_tim_ex.o(.rrx_text), (6 bytes).
    Removing stm32f1xx_hal_uart.o(.rev16_text), (4 bytes).
    Removing stm32f1xx_hal_uart.o(.revsh_text), (4 bytes).
    Removing stm32f1xx_hal_uart.o(.rrx_text), (6 bytes).
    Removing stm32f1xx_hal_uart.o(i.HAL_HalfDuplex_EnableReceiver), (50 bytes).
    Removing stm32f1xx_hal_uart.o(i.HAL_HalfDuplex_EnableTransmitter), (50 bytes).
    Removing stm32f1xx_hal_uart.o(i.HAL_HalfDuplex_Init), (108 bytes).
    Removing stm32f1xx_hal_uart.o(i.HAL_LIN_Init), (128 bytes).
    Removing stm32f1xx_hal_uart.o(i.HAL_LIN_SendBreak), (46 bytes).
    Removing stm32f1xx_hal_uart.o(i.HAL_MultiProcessor_EnterMuteMode), (46 bytes).
    Removing stm32f1xx_hal_uart.o(i.HAL_MultiProcessor_ExitMuteMode), (46 bytes).
    Removing stm32f1xx_hal_uart.o(i.HAL_MultiProcessor_Init), (142 bytes).
    Removing stm32f1xx_hal_uart.o(i.HAL_UART_Abort), (138 bytes).
    Removing stm32f1xx_hal_uart.o(i.HAL_UART_AbortCpltCallback), (2 bytes).
    Removing stm32f1xx_hal_uart.o(i.HAL_UART_AbortReceive), (88 bytes).
    Removing stm32f1xx_hal_uart.o(i.HAL_UART_AbortReceiveCpltCallback), (2 bytes).
    Removing stm32f1xx_hal_uart.o(i.HAL_UART_AbortReceive_IT), (92 bytes).
    Removing stm32f1xx_hal_uart.o(i.HAL_UART_AbortTransmit), (78 bytes).
    Removing stm32f1xx_hal_uart.o(i.HAL_UART_AbortTransmitCpltCallback), (2 bytes).
    Removing stm32f1xx_hal_uart.o(i.HAL_UART_AbortTransmit_IT), (84 bytes).
    Removing stm32f1xx_hal_uart.o(i.HAL_UART_Abort_IT), (172 bytes).
    Removing stm32f1xx_hal_uart.o(i.HAL_UART_DMAPause), (102 bytes).
    Removing stm32f1xx_hal_uart.o(i.HAL_UART_DMAResume), (94 bytes).
    Removing stm32f1xx_hal_uart.o(i.HAL_UART_DMAStop), (88 bytes).
    Removing stm32f1xx_hal_uart.o(i.HAL_UART_DeInit), (50 bytes).
    Removing stm32f1xx_hal_uart.o(i.HAL_UART_GetError), (4 bytes).
    Removing stm32f1xx_hal_uart.o(i.HAL_UART_GetState), (10 bytes).
    Removing stm32f1xx_hal_uart.o(i.HAL_UART_MspDeInit), (2 bytes).
    Removing stm32f1xx_hal_uart.o(i.HAL_UART_MspInit), (2 bytes).
    Removing stm32f1xx_hal_uart.o(i.HAL_UART_Receive), (188 bytes).
    Removing stm32f1xx_hal_uart.o(i.HAL_UART_Receive_DMA), (152 bytes).
    Removing stm32f1xx_hal_uart.o(i.HAL_UART_RxCpltCallback), (2 bytes).
    Removing stm32f1xx_hal_uart.o(i.HAL_UART_RxHalfCpltCallback), (2 bytes).
    Removing stm32f1xx_hal_uart.o(i.HAL_UART_Transmit_DMA), (128 bytes).
    Removing stm32f1xx_hal_uart.o(i.HAL_UART_Transmit_IT), (62 bytes).
    Removing stm32f1xx_hal_uart.o(i.HAL_UART_TxHalfCpltCallback), (2 bytes).
    Removing stm32f1xx_hal_uart.o(i.UART_DMAError), (74 bytes).
    Removing stm32f1xx_hal_uart.o(i.UART_DMAReceiveCplt), (60 bytes).
    Removing stm32f1xx_hal_uart.o(i.UART_DMARxAbortCallback), (42 bytes).
    Removing stm32f1xx_hal_uart.o(i.UART_DMARxHalfCplt), (10 bytes).
    Removing stm32f1xx_hal_uart.o(i.UART_DMARxOnlyAbortCallback), (20 bytes).
    Removing stm32f1xx_hal_uart.o(i.UART_DMATransmitCplt), (46 bytes).
    Removing stm32f1xx_hal_uart.o(i.UART_DMATxAbortCallback), (42 bytes).
    Removing stm32f1xx_hal_uart.o(i.UART_DMATxHalfCplt), (10 bytes).
    Removing stm32f1xx_hal_uart.o(i.UART_DMATxOnlyAbortCallback), (20 bytes).
    Removing stm32f1xx_hal_uart.o(i.UART_EndTxTransfer), (18 bytes).
    Removing system_stm32f1xx.o(.rev16_text), (4 bytes).
    Removing system_stm32f1xx.o(.revsh_text), (4 bytes).
    Removing system_stm32f1xx.o(.rrx_text), (6 bytes).
    Removing system_stm32f1xx.o(i.SystemCoreClockUpdate), (104 bytes).
    Removing dfltui.o(.text), (26 bytes).
    Removing d2f.o(.text), (56 bytes).
    Removing fepilogue.o(.text), (110 bytes).
    Removing dfixul.o(.text), (48 bytes).
    Removing cdrcmple.o(.text), (48 bytes).

448 unused section(s) (total 31252 bytes) removed from the image.

==============================================================================

Image Symbol Table

    Local Symbols

    Symbol Name                              Value     Ov Type        Size  Object(Section)

    ../Core/Src/adc.c                        0x00000000   Number         0  adc.o ABSOLUTE
    ../Core/Src/gpio.c                       0x00000000   Number         0  gpio.o ABSOLUTE
    ../Core/Src/i2c.c                        0x00000000   Number         0  i2c.o ABSOLUTE
    ../Core/Src/main.c                       0x00000000   Number         0  main.o ABSOLUTE
    ../Core/Src/spi.c                        0x00000000   Number         0  spi.o ABSOLUTE
    ../Core/Src/stm32f1xx_hal_msp.c          0x00000000   Number         0  stm32f1xx_hal_msp.o ABSOLUTE
    ../Core/Src/stm32f1xx_it.c               0x00000000   Number         0  stm32f1xx_it.o ABSOLUTE
    ../Core/Src/system_stm32f1xx.c           0x00000000   Number         0  system_stm32f1xx.o ABSOLUTE
    ../Core/Src/usart.c                      0x00000000   Number         0  usart.o ABSOLUTE
    ../Drivers/STM32F1xx_HAL_Driver/Src/stm32f1xx_hal.c 0x00000000   Number         0  stm32f1xx_hal.o ABSOLUTE
    ../Drivers/STM32F1xx_HAL_Driver/Src/stm32f1xx_hal_adc.c 0x00000000   Number         0  stm32f1xx_hal_adc.o ABSOLUTE
    ../Drivers/STM32F1xx_HAL_Driver/Src/stm32f1xx_hal_adc_ex.c 0x00000000   Number         0  stm32f1xx_hal_adc_ex.o ABSOLUTE
    ../Drivers/STM32F1xx_HAL_Driver/Src/stm32f1xx_hal_cortex.c 0x00000000   Number         0  stm32f1xx_hal_cortex.o ABSOLUTE
    ../Drivers/STM32F1xx_HAL_Driver/Src/stm32f1xx_hal_dma.c 0x00000000   Number         0  stm32f1xx_hal_dma.o ABSOLUTE
    ../Drivers/STM32F1xx_HAL_Driver/Src/stm32f1xx_hal_exti.c 0x00000000   Number         0  stm32f1xx_hal_exti.o ABSOLUTE
    ../Drivers/STM32F1xx_HAL_Driver/Src/stm32f1xx_hal_flash.c 0x00000000   Number         0  stm32f1xx_hal_flash.o ABSOLUTE
    ../Drivers/STM32F1xx_HAL_Driver/Src/stm32f1xx_hal_flash_ex.c 0x00000000   Number         0  stm32f1xx_hal_flash_ex.o ABSOLUTE
    ../Drivers/STM32F1xx_HAL_Driver/Src/stm32f1xx_hal_gpio.c 0x00000000   Number         0  stm32f1xx_hal_gpio.o ABSOLUTE
    ../Drivers/STM32F1xx_HAL_Driver/Src/stm32f1xx_hal_gpio_ex.c 0x00000000   Number         0  stm32f1xx_hal_gpio_ex.o ABSOLUTE
    ../Drivers/STM32F1xx_HAL_Driver/Src/stm32f1xx_hal_i2c.c 0x00000000   Number         0  stm32f1xx_hal_i2c.o ABSOLUTE
    ../Drivers/STM32F1xx_HAL_Driver/Src/stm32f1xx_hal_pwr.c 0x00000000   Number         0  stm32f1xx_hal_pwr.o ABSOLUTE
    ../Drivers/STM32F1xx_HAL_Driver/Src/stm32f1xx_hal_rcc.c 0x00000000   Number         0  stm32f1xx_hal_rcc.o ABSOLUTE
    ../Drivers/STM32F1xx_HAL_Driver/Src/stm32f1xx_hal_rcc_ex.c 0x00000000   Number         0  stm32f1xx_hal_rcc_ex.o ABSOLUTE
    ../Drivers/STM32F1xx_HAL_Driver/Src/stm32f1xx_hal_spi.c 0x00000000   Number         0  stm32f1xx_hal_spi.o ABSOLUTE
    ../Drivers/STM32F1xx_HAL_Driver/Src/stm32f1xx_hal_tim.c 0x00000000   Number         0  stm32f1xx_hal_tim.o ABSOLUTE
    ../Drivers/STM32F1xx_HAL_Driver/Src/stm32f1xx_hal_tim_ex.c 0x00000000   Number         0  stm32f1xx_hal_tim_ex.o ABSOLUTE
    ../Drivers/STM32F1xx_HAL_Driver/Src/stm32f1xx_hal_uart.c 0x00000000   Number         0  stm32f1xx_hal_uart.o ABSOLUTE
    ../clib/../cmprslib/zerorunl2.c          0x00000000   Number         0  __dczerorl2.o ABSOLUTE
    ../clib/microlib/division.c              0x00000000   Number         0  uidiv.o ABSOLUTE
    ../clib/microlib/division.c              0x00000000   Number         0  uldiv.o ABSOLUTE
    ../clib/microlib/errno.c                 0x00000000   Number         0  errno.o ABSOLUTE
    ../clib/microlib/init/entry.s            0x00000000   Number         0  entry9b.o ABSOLUTE
    ../clib/microlib/init/entry.s            0x00000000   Number         0  entry9a.o ABSOLUTE
    ../clib/microlib/init/entry.s            0x00000000   Number         0  entry8b.o ABSOLUTE
    ../clib/microlib/init/entry.s            0x00000000   Number         0  entry8a.o ABSOLUTE
    ../clib/microlib/init/entry.s            0x00000000   Number         0  entry7b.o ABSOLUTE
    ../clib/microlib/init/entry.s            0x00000000   Number         0  entry.o ABSOLUTE
    ../clib/microlib/init/entry.s            0x00000000   Number         0  entry7a.o ABSOLUTE
    ../clib/microlib/init/entry.s            0x00000000   Number         0  entry5.o ABSOLUTE
    ../clib/microlib/init/entry.s            0x00000000   Number         0  entry11a.o ABSOLUTE
    ../clib/microlib/init/entry.s            0x00000000   Number         0  entry10b.o ABSOLUTE
    ../clib/microlib/init/entry.s            0x00000000   Number         0  entry2.o ABSOLUTE
    ../clib/microlib/init/entry.s            0x00000000   Number         0  entry11b.o ABSOLUTE
    ../clib/microlib/init/entry.s            0x00000000   Number         0  entry10a.o ABSOLUTE
    ../clib/microlib/longlong.c              0x00000000   Number         0  llshl.o ABSOLUTE
    ../clib/microlib/longlong.c              0x00000000   Number         0  llushr.o ABSOLUTE
    ../clib/microlib/longlong.c              0x00000000   Number         0  llsshr.o ABSOLUTE
    ../clib/microlib/printf/printf.c         0x00000000   Number         0  printf2.o ABSOLUTE
    ../clib/microlib/printf/printf.c         0x00000000   Number         0  printf5.o ABSOLUTE
    ../clib/microlib/printf/printf.c         0x00000000   Number         0  printf1.o ABSOLUTE
    ../clib/microlib/printf/printf.c         0x00000000   Number         0  printf0.o ABSOLUTE
    ../clib/microlib/printf/printf.c         0x00000000   Number         0  printf8.o ABSOLUTE
    ../clib/microlib/printf/printf.c         0x00000000   Number         0  printf7.o ABSOLUTE
    ../clib/microlib/printf/printf.c         0x00000000   Number         0  printf6.o ABSOLUTE
    ../clib/microlib/printf/printf.c         0x00000000   Number         0  printfb.o ABSOLUTE
    ../clib/microlib/printf/printf.c         0x00000000   Number         0  printf4.o ABSOLUTE
    ../clib/microlib/printf/printf.c         0x00000000   Number         0  printf3.o ABSOLUTE
    ../clib/microlib/printf/printf.c         0x00000000   Number         0  printfa.o ABSOLUTE
    ../clib/microlib/printf/stubs.s          0x00000000   Number         0  stubs.o ABSOLUTE
    ../clib/microlib/stdio/streams.c         0x00000000   Number         0  stdout.o ABSOLUTE
    ../clib/microlib/string/memset.c         0x00000000   Number         0  memseta.o ABSOLUTE
    ../clib/microlib/stubs.s                 0x00000000   Number         0  iusefp.o ABSOLUTE
    ../fplib/microlib/d2f.c                  0x00000000   Number         0  d2f.o ABSOLUTE
    ../fplib/microlib/fpadd.c                0x00000000   Number         0  dadd.o ABSOLUTE
    ../fplib/microlib/fpdiv.c                0x00000000   Number         0  ddiv.o ABSOLUTE
    ../fplib/microlib/fpepilogue.c           0x00000000   Number         0  fepilogue.o ABSOLUTE
    ../fplib/microlib/fpepilogue.c           0x00000000   Number         0  depilogue.o ABSOLUTE
    ../fplib/microlib/fpfix.c                0x00000000   Number         0  dfixi.o ABSOLUTE
    ../fplib/microlib/fpfix.c                0x00000000   Number         0  dfixul.o ABSOLUTE
    ../fplib/microlib/fpflt.c                0x00000000   Number         0  dfltui.o ABSOLUTE
    ../fplib/microlib/fpflt.c                0x00000000   Number         0  dflti.o ABSOLUTE
    ../fplib/microlib/fpmul.c                0x00000000   Number         0  dmul.o ABSOLUTE
    ../fplib/microlib/fpscalb.c              0x00000000   Number         0  dscalb.o ABSOLUTE
    ../mathlib/dunder.c                      0x00000000   Number         0  dunder.o ABSOLUTE
    ../mathlib/log.c                         0x00000000   Number         0  log.o ABSOLUTE
    ../mathlib/log.c                         0x00000000   Number         0  log_x.o ABSOLUTE
    ../mathlib/poly.c                        0x00000000   Number         0  poly.o ABSOLUTE
    ../mathlib/qnan.c                        0x00000000   Number         0  qnan.o ABSOLUTE
    ..\Core\Src\EEPROM.c                     0x00000000   Number         0  eeprom.o ABSOLUTE
    ..\Core\Src\adc.c                        0x00000000   Number         0  adc.o ABSOLUTE
    ..\Core\Src\ds3231.c                     0x00000000   Number         0  ds3231.o ABSOLUTE
    ..\Core\Src\gpio.c                       0x00000000   Number         0  gpio.o ABSOLUTE
    ..\Core\Src\i2c.c                        0x00000000   Number         0  i2c.o ABSOLUTE
    ..\Core\Src\main.c                       0x00000000   Number         0  main.o ABSOLUTE
    ..\Core\Src\oled.c                       0x00000000   Number         0  oled.o ABSOLUTE
    ..\Core\Src\rc522.c                      0x00000000   Number         0  rc522.o ABSOLUTE
    ..\Core\Src\spi.c                        0x00000000   Number         0  spi.o ABSOLUTE
    ..\Core\Src\stm32f1xx_hal_msp.c          0x00000000   Number         0  stm32f1xx_hal_msp.o ABSOLUTE
    ..\Core\Src\stm32f1xx_it.c               0x00000000   Number         0  stm32f1xx_it.o ABSOLUTE
    ..\Core\Src\system_stm32f1xx.c           0x00000000   Number         0  system_stm32f1xx.o ABSOLUTE
    ..\Core\Src\usart.c                      0x00000000   Number         0  usart.o ABSOLUTE
    ..\Drivers\STM32F1xx_HAL_Driver\Src\stm32f1xx_hal.c 0x00000000   Number         0  stm32f1xx_hal.o ABSOLUTE
    ..\Drivers\STM32F1xx_HAL_Driver\Src\stm32f1xx_hal_adc.c 0x00000000   Number         0  stm32f1xx_hal_adc.o ABSOLUTE
    ..\Drivers\STM32F1xx_HAL_Driver\Src\stm32f1xx_hal_adc_ex.c 0x00000000   Number         0  stm32f1xx_hal_adc_ex.o ABSOLUTE
    ..\Drivers\STM32F1xx_HAL_Driver\Src\stm32f1xx_hal_cortex.c 0x00000000   Number         0  stm32f1xx_hal_cortex.o ABSOLUTE
    ..\Drivers\STM32F1xx_HAL_Driver\Src\stm32f1xx_hal_dma.c 0x00000000   Number         0  stm32f1xx_hal_dma.o ABSOLUTE
    ..\Drivers\STM32F1xx_HAL_Driver\Src\stm32f1xx_hal_exti.c 0x00000000   Number         0  stm32f1xx_hal_exti.o ABSOLUTE
    ..\Drivers\STM32F1xx_HAL_Driver\Src\stm32f1xx_hal_flash.c 0x00000000   Number         0  stm32f1xx_hal_flash.o ABSOLUTE
    ..\Drivers\STM32F1xx_HAL_Driver\Src\stm32f1xx_hal_flash_ex.c 0x00000000   Number         0  stm32f1xx_hal_flash_ex.o ABSOLUTE
    ..\Drivers\STM32F1xx_HAL_Driver\Src\stm32f1xx_hal_gpio.c 0x00000000   Number         0  stm32f1xx_hal_gpio.o ABSOLUTE
    ..\Drivers\STM32F1xx_HAL_Driver\Src\stm32f1xx_hal_gpio_ex.c 0x00000000   Number         0  stm32f1xx_hal_gpio_ex.o ABSOLUTE
    ..\Drivers\STM32F1xx_HAL_Driver\Src\stm32f1xx_hal_i2c.c 0x00000000   Number         0  stm32f1xx_hal_i2c.o ABSOLUTE
    ..\Drivers\STM32F1xx_HAL_Driver\Src\stm32f1xx_hal_pwr.c 0x00000000   Number         0  stm32f1xx_hal_pwr.o ABSOLUTE
    ..\Drivers\STM32F1xx_HAL_Driver\Src\stm32f1xx_hal_rcc.c 0x00000000   Number         0  stm32f1xx_hal_rcc.o ABSOLUTE
    ..\Drivers\STM32F1xx_HAL_Driver\Src\stm32f1xx_hal_rcc_ex.c 0x00000000   Number         0  stm32f1xx_hal_rcc_ex.o ABSOLUTE
    ..\Drivers\STM32F1xx_HAL_Driver\Src\stm32f1xx_hal_spi.c 0x00000000   Number         0  stm32f1xx_hal_spi.o ABSOLUTE
    ..\Drivers\STM32F1xx_HAL_Driver\Src\stm32f1xx_hal_tim.c 0x00000000   Number         0  stm32f1xx_hal_tim.o ABSOLUTE
    ..\Drivers\STM32F1xx_HAL_Driver\Src\stm32f1xx_hal_tim_ex.c 0x00000000   Number         0  stm32f1xx_hal_tim_ex.o ABSOLUTE
    ..\Drivers\STM32F1xx_HAL_Driver\Src\stm32f1xx_hal_uart.c 0x00000000   Number         0  stm32f1xx_hal_uart.o ABSOLUTE
    ..\\Core\\Src\\EEPROM.c                  0x00000000   Number         0  eeprom.o ABSOLUTE
    ..\\Core\\Src\\ds3231.c                  0x00000000   Number         0  ds3231.o ABSOLUTE
    ..\\Core\\Src\\oled.c                    0x00000000   Number         0  oled.o ABSOLUTE
    ..\\Core\\Src\\rc522.c                   0x00000000   Number         0  rc522.o ABSOLUTE
    cdcmple.s                                0x00000000   Number         0  cdcmple.o ABSOLUTE
    cdrcmple.s                               0x00000000   Number         0  cdrcmple.o ABSOLUTE
    dc.s                                     0x00000000   Number         0  dc.o ABSOLUTE
    handlers.s                               0x00000000   Number         0  handlers.o ABSOLUTE
    init.s                                   0x00000000   Number         0  init.o ABSOLUTE
    startup_stm32f103xb.s                    0x00000000   Number         0  startup_stm32f103xb.o ABSOLUTE
    RESET                                    0x08000000   Section      236  startup_stm32f103xb.o(RESET)
    .ARM.Collect$$$$00000000                 0x080000ec   Section        0  entry.o(.ARM.Collect$$$$00000000)
    .ARM.Collect$$$$00000001                 0x080000ec   Section        4  entry2.o(.ARM.Collect$$$$00000001)
    .ARM.Collect$$$$00000004                 0x080000f0   Section        4  entry5.o(.ARM.Collect$$$$00000004)
    .ARM.Collect$$$$00000008                 0x080000f4   Section        0  entry7b.o(.ARM.Collect$$$$00000008)
    .ARM.Collect$$$$0000000A                 0x080000f4   Section        0  entry8b.o(.ARM.Collect$$$$0000000A)
    .ARM.Collect$$$$0000000B                 0x080000f4   Section        8  entry9a.o(.ARM.Collect$$$$0000000B)
    .ARM.Collect$$$$0000000D                 0x080000fc   Section        0  entry10a.o(.ARM.Collect$$$$0000000D)
    .ARM.Collect$$$$0000000F                 0x080000fc   Section        0  entry11a.o(.ARM.Collect$$$$0000000F)
    .ARM.Collect$$$$00002712                 0x080000fc   Section        4  entry2.o(.ARM.Collect$$$$00002712)
    __lit__00000000                          0x080000fc   Data           4  entry2.o(.ARM.Collect$$$$00002712)
    .text                                    0x08000100   Section       36  startup_stm32f103xb.o(.text)
    .text                                    0x08000124   Section        0  llushr.o(.text)
    .text                                    0x08000144   Section        0  memseta.o(.text)
    .text                                    0x08000168   Section        0  dadd.o(.text)
    .text                                    0x080002b6   Section        0  ddiv.o(.text)
    .text                                    0x08000394   Section        0  dscalb.o(.text)
    .text                                    0x080003c2   Section        0  dfixi.o(.text)
    .text                                    0x08000400   Section        0  uldiv.o(.text)
    .text                                    0x08000462   Section        0  llshl.o(.text)
    .text                                    0x08000480   Section        0  llsshr.o(.text)
    .text                                    0x080004a4   Section        0  depilogue.o(.text)
    .text                                    0x080004a4   Section        0  iusefp.o(.text)
    .text                                    0x0800055e   Section        0  dmul.o(.text)
    .text                                    0x08000642   Section        0  dflti.o(.text)
    .text                                    0x08000664   Section       48  cdcmple.o(.text)
    .text                                    0x08000694   Section       36  init.o(.text)
    .text                                    0x080006b8   Section        0  __dczerorl2.o(.text)
    i.ADC_ConversionStop_Disable             0x08000710   Section        0  stm32f1xx_hal_adc.o(i.ADC_ConversionStop_Disable)
    i.ADC_Enable                             0x0800075c   Section        0  stm32f1xx_hal_adc.o(i.ADC_Enable)
    i.BusFault_Handler                       0x080007cc   Section        0  stm32f1xx_it.o(i.BusFault_Handler)
    i.DebugMon_Handler                       0x080007ce   Section        0  stm32f1xx_it.o(i.DebugMon_Handler)
    i.EEPROM_PageErase                       0x080007d0   Section        0  eeprom.o(i.EEPROM_PageErase)
    i.EEPROM_Read                            0x08000830   Section        0  eeprom.o(i.EEPROM_Read)
    i.EEPROM_Write                           0x080008cc   Section        0  eeprom.o(i.EEPROM_Write)
    i.EEPROM_outrangeprint                   0x08000970   Section        0  eeprom.o(i.EEPROM_outrangeprint)
    i.EEPROM_rangeerase                      0x080009a8   Section        0  eeprom.o(i.EEPROM_rangeerase)
    i.Error_Handler                          0x080009be   Section        0  main.o(i.Error_Handler)
    i.Get_Time                               0x080009c4   Section        0  ds3231.o(i.Get_Time)
    i.HAL_ADC_ConfigChannel                  0x08000a48   Section        0  stm32f1xx_hal_adc.o(i.HAL_ADC_ConfigChannel)
    i.HAL_ADC_GetValue                       0x08000b44   Section        0  stm32f1xx_hal_adc.o(i.HAL_ADC_GetValue)
    i.HAL_ADC_Init                           0x08000b4c   Section        0  stm32f1xx_hal_adc.o(i.HAL_ADC_Init)
    i.HAL_ADC_MspInit                        0x08000c68   Section        0  adc.o(i.HAL_ADC_MspInit)
    i.HAL_ADC_PollForConversion              0x08000cc0   Section        0  stm32f1xx_hal_adc.o(i.HAL_ADC_PollForConversion)
    i.HAL_ADC_Start                          0x08000df0   Section        0  stm32f1xx_hal_adc.o(i.HAL_ADC_Start)
    i.HAL_DMA_Abort_IT                       0x08000eb0   Section        0  stm32f1xx_hal_dma.o(i.HAL_DMA_Abort_IT)
    i.HAL_Delay                              0x08000f48   Section        0  stm32f1xx_hal.o(i.HAL_Delay)
    i.HAL_GPIO_Init                          0x08000f6c   Section        0  stm32f1xx_hal_gpio.o(i.HAL_GPIO_Init)
    i.HAL_GPIO_WritePin                      0x0800114c   Section        0  stm32f1xx_hal_gpio.o(i.HAL_GPIO_WritePin)
    i.HAL_GetTick                            0x08001158   Section        0  stm32f1xx_hal.o(i.HAL_GetTick)
    i.HAL_I2C_Init                           0x08001164   Section        0  stm32f1xx_hal_i2c.o(i.HAL_I2C_Init)
    i.HAL_I2C_Mem_Read                       0x080012ec   Section        0  stm32f1xx_hal_i2c.o(i.HAL_I2C_Mem_Read)
    i.HAL_I2C_Mem_Write                      0x0800153c   Section        0  stm32f1xx_hal_i2c.o(i.HAL_I2C_Mem_Write)
    i.HAL_I2C_MspInit                        0x0800166c   Section        0  i2c.o(i.HAL_I2C_MspInit)
    i.HAL_IncTick                            0x080016f8   Section        0  stm32f1xx_hal.o(i.HAL_IncTick)
    i.HAL_Init                               0x08001708   Section        0  stm32f1xx_hal.o(i.HAL_Init)
    i.HAL_InitTick                           0x0800172c   Section        0  stm32f1xx_hal.o(i.HAL_InitTick)
    i.HAL_MspInit                            0x0800176c   Section        0  stm32f1xx_hal_msp.o(i.HAL_MspInit)
    i.HAL_NVIC_EnableIRQ                     0x080017a8   Section        0  stm32f1xx_hal_cortex.o(i.HAL_NVIC_EnableIRQ)
    i.HAL_NVIC_SetPriority                   0x080017c4   Section        0  stm32f1xx_hal_cortex.o(i.HAL_NVIC_SetPriority)
    i.HAL_NVIC_SetPriorityGrouping           0x08001804   Section        0  stm32f1xx_hal_cortex.o(i.HAL_NVIC_SetPriorityGrouping)
    i.HAL_RCCEx_GetPeriphCLKFreq             0x08001828   Section        0  stm32f1xx_hal_rcc_ex.o(i.HAL_RCCEx_GetPeriphCLKFreq)
    i.HAL_RCCEx_PeriphCLKConfig              0x080018f0   Section        0  stm32f1xx_hal_rcc_ex.o(i.HAL_RCCEx_PeriphCLKConfig)
    i.HAL_RCC_ClockConfig                    0x080019dc   Section        0  stm32f1xx_hal_rcc.o(i.HAL_RCC_ClockConfig)
    i.HAL_RCC_GetPCLK1Freq                   0x08001b08   Section        0  stm32f1xx_hal_rcc.o(i.HAL_RCC_GetPCLK1Freq)
    i.HAL_RCC_GetPCLK2Freq                   0x08001b28   Section        0  stm32f1xx_hal_rcc.o(i.HAL_RCC_GetPCLK2Freq)
    i.HAL_RCC_GetSysClockFreq                0x08001b48   Section        0  stm32f1xx_hal_rcc.o(i.HAL_RCC_GetSysClockFreq)
    i.HAL_RCC_OscConfig                      0x08001bb4   Section        0  stm32f1xx_hal_rcc.o(i.HAL_RCC_OscConfig)
    i.HAL_SPI_Init                           0x08001ed4   Section        0  stm32f1xx_hal_spi.o(i.HAL_SPI_Init)
    i.HAL_SPI_MspInit                        0x08001f88   Section        0  spi.o(i.HAL_SPI_MspInit)
    i.HAL_SPI_TransmitReceive                0x08001ff8   Section        0  stm32f1xx_hal_spi.o(i.HAL_SPI_TransmitReceive)
    i.HAL_SYSTICK_Config                     0x080021da   Section        0  stm32f1xx_hal_cortex.o(i.HAL_SYSTICK_Config)
    i.HAL_UART_ErrorCallback                 0x08002202   Section        0  stm32f1xx_hal_uart.o(i.HAL_UART_ErrorCallback)
    i.HAL_UART_IRQHandler                    0x08002204   Section        0  stm32f1xx_hal_uart.o(i.HAL_UART_IRQHandler)
    i.HAL_UART_Init                          0x08002360   Section        0  stm32f1xx_hal_uart.o(i.HAL_UART_Init)
    i.HAL_UART_MspInit                       0x080023c4   Section        0  usart.o(i.HAL_UART_MspInit)
    i.HAL_UART_Receive_IT                    0x08002444   Section        0  stm32f1xx_hal_uart.o(i.HAL_UART_Receive_IT)
    i.HAL_UART_RxCpltCallback                0x08002498   Section        0  main.o(i.HAL_UART_RxCpltCallback)
    i.HAL_UART_Transmit                      0x080024fc   Section        0  stm32f1xx_hal_uart.o(i.HAL_UART_Transmit)
    i.HAL_UART_TxCpltCallback                0x080025ae   Section        0  stm32f1xx_hal_uart.o(i.HAL_UART_TxCpltCallback)
    i.HardFault_Handler                      0x080025b0   Section        0  stm32f1xx_it.o(i.HardFault_Handler)
    i.I2C_IsAcknowledgeFailed                0x080025b2   Section        0  stm32f1xx_hal_i2c.o(i.I2C_IsAcknowledgeFailed)
    I2C_IsAcknowledgeFailed                  0x080025b3   Thumb Code    46  stm32f1xx_hal_i2c.o(i.I2C_IsAcknowledgeFailed)
    i.I2C_RequestMemoryRead                  0x080025e0   Section        0  stm32f1xx_hal_i2c.o(i.I2C_RequestMemoryRead)
    I2C_RequestMemoryRead                    0x080025e1   Thumb Code   246  stm32f1xx_hal_i2c.o(i.I2C_RequestMemoryRead)
    i.I2C_RequestMemoryWrite                 0x080026dc   Section        0  stm32f1xx_hal_i2c.o(i.I2C_RequestMemoryWrite)
    I2C_RequestMemoryWrite                   0x080026dd   Thumb Code   162  stm32f1xx_hal_i2c.o(i.I2C_RequestMemoryWrite)
    i.I2C_WaitOnBTFFlagUntilTimeout          0x08002784   Section        0  stm32f1xx_hal_i2c.o(i.I2C_WaitOnBTFFlagUntilTimeout)
    I2C_WaitOnBTFFlagUntilTimeout            0x08002785   Thumb Code    76  stm32f1xx_hal_i2c.o(i.I2C_WaitOnBTFFlagUntilTimeout)
    i.I2C_WaitOnFlagUntilTimeout             0x080027d0   Section        0  stm32f1xx_hal_i2c.o(i.I2C_WaitOnFlagUntilTimeout)
    I2C_WaitOnFlagUntilTimeout               0x080027d1   Thumb Code   104  stm32f1xx_hal_i2c.o(i.I2C_WaitOnFlagUntilTimeout)
    i.I2C_WaitOnMasterAddressFlagUntilTimeout 0x08002838   Section        0  stm32f1xx_hal_i2c.o(i.I2C_WaitOnMasterAddressFlagUntilTimeout)
    I2C_WaitOnMasterAddressFlagUntilTimeout  0x08002839   Thumb Code   150  stm32f1xx_hal_i2c.o(i.I2C_WaitOnMasterAddressFlagUntilTimeout)
    i.I2C_WaitOnRXNEFlagUntilTimeout         0x080028ce   Section        0  stm32f1xx_hal_i2c.o(i.I2C_WaitOnRXNEFlagUntilTimeout)
    I2C_WaitOnRXNEFlagUntilTimeout           0x080028cf   Thumb Code   102  stm32f1xx_hal_i2c.o(i.I2C_WaitOnRXNEFlagUntilTimeout)
    i.I2C_WaitOnTXEFlagUntilTimeout          0x08002934   Section        0  stm32f1xx_hal_i2c.o(i.I2C_WaitOnTXEFlagUntilTimeout)
    I2C_WaitOnTXEFlagUntilTimeout            0x08002935   Thumb Code    76  stm32f1xx_hal_i2c.o(i.I2C_WaitOnTXEFlagUntilTimeout)
    i.MFRC522_AntennaOn                      0x08002980   Section        0  rc522.o(i.MFRC522_AntennaOn)
    i.MFRC522_Anticoll                       0x0800299a   Section        0  rc522.o(i.MFRC522_Anticoll)
    i.MFRC522_ClearBitMask                   0x080029dc   Section        0  rc522.o(i.MFRC522_ClearBitMask)
    i.MFRC522_Init                           0x080029f4   Section        0  rc522.o(i.MFRC522_Init)
    i.MFRC522_ReadRegister                   0x08002a3a   Section        0  rc522.o(i.MFRC522_ReadRegister)
    i.MFRC522_Request                        0x08002a48   Section        0  rc522.o(i.MFRC522_Request)
    i.MFRC522_Reset                          0x08002a76   Section        0  rc522.o(i.MFRC522_Reset)
    i.MFRC522_SetBitMask                     0x08002a7e   Section        0  rc522.o(i.MFRC522_SetBitMask)
    i.MFRC522_ToCard                         0x08002a96   Section        0  rc522.o(i.MFRC522_ToCard)
    i.MFRC522_WriteRegister                  0x08002baa   Section        0  rc522.o(i.MFRC522_WriteRegister)
    i.MX_ADC1_Init                           0x08002bb4   Section        0  adc.o(i.MX_ADC1_Init)
    i.MX_GPIO_Init                           0x08002c04   Section        0  gpio.o(i.MX_GPIO_Init)
    i.MX_I2C1_Init                           0x08002cec   Section        0  i2c.o(i.MX_I2C1_Init)
    i.MX_I2C2_Init                           0x08002d2c   Section        0  i2c.o(i.MX_I2C2_Init)
    i.MX_SPI1_Init                           0x08002d6c   Section        0  spi.o(i.MX_SPI1_Init)
    i.MX_USART1_UART_Init                    0x08002db4   Section        0  usart.o(i.MX_USART1_UART_Init)
    i.MemManage_Handler                      0x08002dec   Section        0  stm32f1xx_it.o(i.MemManage_Handler)
    i.NMI_Handler                            0x08002dee   Section        0  stm32f1xx_it.o(i.NMI_Handler)
    i.OLED_Clear                             0x08002df0   Section        0  oled.o(i.OLED_Clear)
    i.OLED_DrawBMP                           0x08002e24   Section        0  oled.o(i.OLED_DrawBMP)
    i.OLED_Init                              0x08002e64   Section        0  oled.o(i.OLED_Init)
    i.OLED_Set_Pos                           0x08002e74   Section        0  oled.o(i.OLED_Set_Pos)
    i.OLED_ShowCHinese                       0x08002e98   Section        0  oled.o(i.OLED_ShowCHinese)
    i.OLED_ShowChar                          0x08002ee4   Section        0  oled.o(i.OLED_ShowChar)
    i.OLED_ShowString                        0x08002f6c   Section        0  oled.o(i.OLED_ShowString)
    i.OLED_WR_CMD                            0x08002fa4   Section        0  oled.o(i.OLED_WR_CMD)
    i.OLED_WR_DATA                           0x08002fc8   Section        0  oled.o(i.OLED_WR_DATA)
    i.PendSV_Handler                         0x08002fec   Section        0  stm32f1xx_it.o(i.PendSV_Handler)
    i.SPI1SendByte                           0x08002ff0   Section        0  rc522.o(i.SPI1SendByte)
    i.SPI1_ReadReg                           0x08003010   Section        0  rc522.o(i.SPI1_ReadReg)
    i.SPI1_WriteReg                          0x08003040   Section        0  rc522.o(i.SPI1_WriteReg)
    i.SPI_EndRxTxTransaction                 0x08003070   Section        0  stm32f1xx_hal_spi.o(i.SPI_EndRxTxTransaction)
    SPI_EndRxTxTransaction                   0x08003071   Thumb Code    32  stm32f1xx_hal_spi.o(i.SPI_EndRxTxTransaction)
    i.SPI_WaitFlagStateUntilTimeout          0x08003090   Section        0  stm32f1xx_hal_spi.o(i.SPI_WaitFlagStateUntilTimeout)
    SPI_WaitFlagStateUntilTimeout            0x08003091   Thumb Code   180  stm32f1xx_hal_spi.o(i.SPI_WaitFlagStateUntilTimeout)
    i.SVC_Handler                            0x08003148   Section        0  stm32f1xx_it.o(i.SVC_Handler)
    i.SysTick_Handler                        0x0800314a   Section        0  stm32f1xx_it.o(i.SysTick_Handler)
    i.SystemClock_Config                     0x0800314e   Section        0  main.o(i.SystemClock_Config)
    i.SystemInit                             0x080031c6   Section        0  system_stm32f1xx.o(i.SystemInit)
    i.UART_DMAAbortOnError                   0x080031c8   Section        0  stm32f1xx_hal_uart.o(i.UART_DMAAbortOnError)
    UART_DMAAbortOnError                     0x080031c9   Thumb Code    16  stm32f1xx_hal_uart.o(i.UART_DMAAbortOnError)
    i.UART_EndRxTransfer                     0x080031d8   Section        0  stm32f1xx_hal_uart.o(i.UART_EndRxTransfer)
    UART_EndRxTransfer                       0x080031d9   Thumb Code    28  stm32f1xx_hal_uart.o(i.UART_EndRxTransfer)
    i.UART_Receive_IT                        0x080031f4   Section        0  stm32f1xx_hal_uart.o(i.UART_Receive_IT)
    UART_Receive_IT                          0x080031f5   Thumb Code   140  stm32f1xx_hal_uart.o(i.UART_Receive_IT)
    i.UART_SetConfig                         0x08003280   Section        0  stm32f1xx_hal_uart.o(i.UART_SetConfig)
    UART_SetConfig                           0x08003281   Thumb Code   178  stm32f1xx_hal_uart.o(i.UART_SetConfig)
    i.UART_WaitOnFlagUntilTimeout            0x08003338   Section        0  stm32f1xx_hal_uart.o(i.UART_WaitOnFlagUntilTimeout)
    UART_WaitOnFlagUntilTimeout              0x08003339   Thumb Code   100  stm32f1xx_hal_uart.o(i.UART_WaitOnFlagUntilTimeout)
    i.USART1_IRQHandler                      0x0800339c   Section        0  stm32f1xx_it.o(i.USART1_IRQHandler)
    i.UsageFault_Handler                     0x080033a8   Section        0  stm32f1xx_it.o(i.UsageFault_Handler)
    i.WriteCmd                               0x080033ac   Section        0  oled.o(i.WriteCmd)
    i.__0printf$8                            0x080033e0   Section        0  printf8.o(i.__0printf$8)
    i.__0sprintf$8                           0x08003400   Section        0  printf8.o(i.__0sprintf$8)
    i.__NVIC_SetPriority                     0x08003428   Section        0  stm32f1xx_hal_cortex.o(i.__NVIC_SetPriority)
    __NVIC_SetPriority                       0x08003429   Thumb Code    32  stm32f1xx_hal_cortex.o(i.__NVIC_SetPriority)
    i.__kernel_poly                          0x08003448   Section        0  poly.o(i.__kernel_poly)
    i.__mathlib_dbl_divzero                  0x080034f4   Section        0  dunder.o(i.__mathlib_dbl_divzero)
    i.__mathlib_dbl_infnan                   0x08003504   Section        0  dunder.o(i.__mathlib_dbl_infnan)
    i.__mathlib_dbl_invalid                  0x0800350a   Section        0  dunder.o(i.__mathlib_dbl_invalid)
    i.__scatterload_copy                     0x08003516   Section       14  handlers.o(i.__scatterload_copy)
    i.__scatterload_null                     0x08003524   Section        2  handlers.o(i.__scatterload_null)
    i.__scatterload_zeroinit                 0x08003526   Section       14  handlers.o(i.__scatterload_zeroinit)
    i.__set_errno                            0x08003534   Section        0  errno.o(i.__set_errno)
    i._printf_core                           0x08003540   Section        0  printf8.o(i._printf_core)
    _printf_core                             0x08003541   Thumb Code   996  printf8.o(i._printf_core)
    i._printf_post_padding                   0x08003950   Section        0  printf8.o(i._printf_post_padding)
    _printf_post_padding                     0x08003951   Thumb Code    36  printf8.o(i._printf_post_padding)
    i._printf_pre_padding                    0x08003974   Section        0  printf8.o(i._printf_pre_padding)
    _printf_pre_padding                      0x08003975   Thumb Code    46  printf8.o(i._printf_pre_padding)
    i._sputc                                 0x080039a2   Section        0  printf8.o(i._sputc)
    _sputc                                   0x080039a3   Thumb Code    10  printf8.o(i._sputc)
    i.bcdToDec                               0x080039ac   Section        0  ds3231.o(i.bcdToDec)
    i.bytestowrite                           0x080039bc   Section        0  eeprom.o(i.bytestowrite)
    i.fputc                                  0x080039cc   Section        0  usart.o(i.fputc)
    i.ledb                                   0x080039e4   Section        0  gpio.o(i.ledb)
    i.ledg                                   0x08003a24   Section        0  gpio.o(i.ledg)
    i.ledr                                   0x08003a64   Section        0  gpio.o(i.ledr)
    i.log                                    0x08003aa4   Section        0  log.o(i.log)
    i.main                                   0x08003e00   Section        0  main.o(i.main)
    i.startscreen                            0x08004598   Section        0  oled.o(i.startscreen)
    .constdata                               0x080046f0   Section     2072  oled.o(.constdata)
    .constdata                               0x08004f08   Section       16  system_stm32f1xx.o(.constdata)
    .constdata                               0x08004f18   Section        8  system_stm32f1xx.o(.constdata)
    .constdata                               0x08004f20   Section       56  log.o(.constdata)
    Lg2                                      0x08004f20   Data          24  log.o(.constdata)
    Lg                                       0x08004f38   Data          32  log.o(.constdata)
    .constdata                               0x08004f58   Section        8  qnan.o(.constdata)
    .conststring                             0x08004f60   Section       69  main.o(.conststring)
    .data                                    0x20000000   Section       35  main.o(.data)
    .data                                    0x20000023   Section     3099  oled.o(.data)
    .data                                    0x20000c40   Section       12  stm32f1xx_hal.o(.data)
    .data                                    0x20000c4c   Section        4  system_stm32f1xx.o(.data)
    .data                                    0x20000c50   Section        4  stdout.o(.data)
    .data                                    0x20000c54   Section        4  errno.o(.data)
    _errno                                   0x20000c54   Data           4  errno.o(.data)
    .bss                                     0x20000c58   Section      445  main.o(.bss)
    .bss                                     0x20000e18   Section       48  adc.o(.bss)
    .bss                                     0x20000e48   Section      168  i2c.o(.bss)
    .bss                                     0x20000ef0   Section       88  spi.o(.bss)
    .bss                                     0x20000f48   Section       64  usart.o(.bss)
    STACK                                    0x20000f88   Section     1024  startup_stm32f103xb.o(STACK)

    Global Symbols

    Symbol Name                              Value     Ov Type        Size  Object(Section)

    BuildAttributes$$THM_ISAv4$P$D$K$B$S$PE$A:L22UL41UL21$X:L11$S22US41US21$IEEE1$IW$USESV6$~STKCKD$USESV7$~SHL$OTIME$ROPI$IEEEX$EBA8$MICROLIB$REQ8$PRES8$EABIv2 0x00000000   Number         0  anon$$obj.o ABSOLUTE
    __ARM_use_no_argv                        0x00000000   Number         0  main.o ABSOLUTE
    _printf_a                                0x00000000   Number         0  stubs.o ABSOLUTE
    _printf_c                                0x00000000   Number         0  stubs.o ABSOLUTE
    _printf_charcount                        0x00000000   Number         0  stubs.o ABSOLUTE
    _printf_d                                0x00000000   Number         0  stubs.o ABSOLUTE
    _printf_e                                0x00000000   Number         0  stubs.o ABSOLUTE
    _printf_f                                0x00000000   Number         0  stubs.o ABSOLUTE
    _printf_flags                            0x00000000   Number         0  stubs.o ABSOLUTE
    _printf_fp_dec                           0x00000000   Number         0  stubs.o ABSOLUTE
    _printf_fp_hex                           0x00000000   Number         0  stubs.o ABSOLUTE
    _printf_g                                0x00000000   Number         0  stubs.o ABSOLUTE
    _printf_i                                0x00000000   Number         0  stubs.o ABSOLUTE
    _printf_int_dec                          0x00000000   Number         0  stubs.o ABSOLUTE
    _printf_l                                0x00000000   Number         0  stubs.o ABSOLUTE
    _printf_lc                               0x00000000   Number         0  stubs.o ABSOLUTE
    _printf_ll                               0x00000000   Number         0  stubs.o ABSOLUTE
    _printf_lld                              0x00000000   Number         0  stubs.o ABSOLUTE
    _printf_lli                              0x00000000   Number         0  stubs.o ABSOLUTE
    _printf_llo                              0x00000000   Number         0  stubs.o ABSOLUTE
    _printf_llu                              0x00000000   Number         0  stubs.o ABSOLUTE
    _printf_llx                              0x00000000   Number         0  stubs.o ABSOLUTE
    _printf_longlong_dec                     0x00000000   Number         0  stubs.o ABSOLUTE
    _printf_longlong_hex                     0x00000000   Number         0  stubs.o ABSOLUTE
    _printf_longlong_oct                     0x00000000   Number         0  stubs.o ABSOLUTE
    _printf_ls                               0x00000000   Number         0  stubs.o ABSOLUTE
    _printf_mbtowc                           0x00000000   Number         0  stubs.o ABSOLUTE
    _printf_n                                0x00000000   Number         0  stubs.o ABSOLUTE
    _printf_o                                0x00000000   Number         0  stubs.o ABSOLUTE
    _printf_p                                0x00000000   Number         0  stubs.o ABSOLUTE
    _printf_percent                          0x00000000   Number         0  stubs.o ABSOLUTE
    _printf_pre_padding                      0x00000000   Number         0  stubs.o ABSOLUTE
    _printf_return_value                     0x00000000   Number         0  stubs.o ABSOLUTE
    _printf_s                                0x00000000   Number         0  stubs.o ABSOLUTE
    _printf_sizespec                         0x00000000   Number         0  stubs.o ABSOLUTE
    _printf_str                              0x00000000   Number         0  stubs.o ABSOLUTE
    _printf_truncate_signed                  0x00000000   Number         0  stubs.o ABSOLUTE
    _printf_truncate_unsigned                0x00000000   Number         0  stubs.o ABSOLUTE
    _printf_u                                0x00000000   Number         0  stubs.o ABSOLUTE
    _printf_wc                               0x00000000   Number         0  stubs.o ABSOLUTE
    _printf_wctomb                           0x00000000   Number         0  stubs.o ABSOLUTE
    _printf_widthprec                        0x00000000   Number         0  stubs.o ABSOLUTE
    _printf_x                                0x00000000   Number         0  stubs.o ABSOLUTE
    __cpp_initialize__aeabi_                  - Undefined Weak Reference
    __cxa_finalize                            - Undefined Weak Reference
    _clock_init                               - Undefined Weak Reference
    _microlib_exit                            - Undefined Weak Reference
    __Vectors_Size                           0x000000ec   Number         0  startup_stm32f103xb.o ABSOLUTE
    __Vectors                                0x08000000   Data           4  startup_stm32f103xb.o(RESET)
    __Vectors_End                            0x080000ec   Data           0  startup_stm32f103xb.o(RESET)
    __main                                   0x080000ed   Thumb Code     0  entry.o(.ARM.Collect$$$$00000000)
    _main_stk                                0x080000ed   Thumb Code     0  entry2.o(.ARM.Collect$$$$00000001)
    _main_scatterload                        0x080000f1   Thumb Code     0  entry5.o(.ARM.Collect$$$$00000004)
    __main_after_scatterload                 0x080000f5   Thumb Code     0  entry5.o(.ARM.Collect$$$$00000004)
    _main_clock                              0x080000f5   Thumb Code     0  entry7b.o(.ARM.Collect$$$$00000008)
    _main_cpp_init                           0x080000f5   Thumb Code     0  entry8b.o(.ARM.Collect$$$$0000000A)
    _main_init                               0x080000f5   Thumb Code     0  entry9a.o(.ARM.Collect$$$$0000000B)
    __rt_final_cpp                           0x080000fd   Thumb Code     0  entry10a.o(.ARM.Collect$$$$0000000D)
    __rt_final_exit                          0x080000fd   Thumb Code     0  entry11a.o(.ARM.Collect$$$$0000000F)
    Reset_Handler                            0x08000101   Thumb Code     8  startup_stm32f103xb.o(.text)
    ADC1_2_IRQHandler                        0x0800011b   Thumb Code     0  startup_stm32f103xb.o(.text)
    CAN1_RX1_IRQHandler                      0x0800011b   Thumb Code     0  startup_stm32f103xb.o(.text)
    CAN1_SCE_IRQHandler                      0x0800011b   Thumb Code     0  startup_stm32f103xb.o(.text)
    DMA1_Channel1_IRQHandler                 0x0800011b   Thumb Code     0  startup_stm32f103xb.o(.text)
    DMA1_Channel2_IRQHandler                 0x0800011b   Thumb Code     0  startup_stm32f103xb.o(.text)
    DMA1_Channel3_IRQHandler                 0x0800011b   Thumb Code     0  startup_stm32f103xb.o(.text)
    DMA1_Channel4_IRQHandler                 0x0800011b   Thumb Code     0  startup_stm32f103xb.o(.text)
    DMA1_Channel5_IRQHandler                 0x0800011b   Thumb Code     0  startup_stm32f103xb.o(.text)
    DMA1_Channel6_IRQHandler                 0x0800011b   Thumb Code     0  startup_stm32f103xb.o(.text)
    DMA1_Channel7_IRQHandler                 0x0800011b   Thumb Code     0  startup_stm32f103xb.o(.text)
    EXTI0_IRQHandler                         0x0800011b   Thumb Code     0  startup_stm32f103xb.o(.text)
    EXTI15_10_IRQHandler                     0x0800011b   Thumb Code     0  startup_stm32f103xb.o(.text)
    EXTI1_IRQHandler                         0x0800011b   Thumb Code     0  startup_stm32f103xb.o(.text)
    EXTI2_IRQHandler                         0x0800011b   Thumb Code     0  startup_stm32f103xb.o(.text)
    EXTI3_IRQHandler                         0x0800011b   Thumb Code     0  startup_stm32f103xb.o(.text)
    EXTI4_IRQHandler                         0x0800011b   Thumb Code     0  startup_stm32f103xb.o(.text)
    EXTI9_5_IRQHandler                       0x0800011b   Thumb Code     0  startup_stm32f103xb.o(.text)
    FLASH_IRQHandler                         0x0800011b   Thumb Code     0  startup_stm32f103xb.o(.text)
    I2C1_ER_IRQHandler                       0x0800011b   Thumb Code     0  startup_stm32f103xb.o(.text)
    I2C1_EV_IRQHandler                       0x0800011b   Thumb Code     0  startup_stm32f103xb.o(.text)
    I2C2_ER_IRQHandler                       0x0800011b   Thumb Code     0  startup_stm32f103xb.o(.text)
    I2C2_EV_IRQHandler                       0x0800011b   Thumb Code     0  startup_stm32f103xb.o(.text)
    PVD_IRQHandler                           0x0800011b   Thumb Code     0  startup_stm32f103xb.o(.text)
    RCC_IRQHandler                           0x0800011b   Thumb Code     0  startup_stm32f103xb.o(.text)
    RTC_Alarm_IRQHandler                     0x0800011b   Thumb Code     0  startup_stm32f103xb.o(.text)
    RTC_IRQHandler                           0x0800011b   Thumb Code     0  startup_stm32f103xb.o(.text)
    SPI1_IRQHandler                          0x0800011b   Thumb Code     0  startup_stm32f103xb.o(.text)
    SPI2_IRQHandler                          0x0800011b   Thumb Code     0  startup_stm32f103xb.o(.text)
    TAMPER_IRQHandler                        0x0800011b   Thumb Code     0  startup_stm32f103xb.o(.text)
    TIM1_BRK_IRQHandler                      0x0800011b   Thumb Code     0  startup_stm32f103xb.o(.text)
    TIM1_CC_IRQHandler                       0x0800011b   Thumb Code     0  startup_stm32f103xb.o(.text)
    TIM1_TRG_COM_IRQHandler                  0x0800011b   Thumb Code     0  startup_stm32f103xb.o(.text)
    TIM1_UP_IRQHandler                       0x0800011b   Thumb Code     0  startup_stm32f103xb.o(.text)
    TIM2_IRQHandler                          0x0800011b   Thumb Code     0  startup_stm32f103xb.o(.text)
    TIM3_IRQHandler                          0x0800011b   Thumb Code     0  startup_stm32f103xb.o(.text)
    TIM4_IRQHandler                          0x0800011b   Thumb Code     0  startup_stm32f103xb.o(.text)
    USART2_IRQHandler                        0x0800011b   Thumb Code     0  startup_stm32f103xb.o(.text)
    USART3_IRQHandler                        0x0800011b   Thumb Code     0  startup_stm32f103xb.o(.text)
    USBWakeUp_IRQHandler                     0x0800011b   Thumb Code     0  startup_stm32f103xb.o(.text)
    USB_HP_CAN1_TX_IRQHandler                0x0800011b   Thumb Code     0  startup_stm32f103xb.o(.text)
    USB_LP_CAN1_RX0_IRQHandler               0x0800011b   Thumb Code     0  startup_stm32f103xb.o(.text)
    WWDG_IRQHandler                          0x0800011b   Thumb Code     0  startup_stm32f103xb.o(.text)
    __aeabi_llsr                             0x08000125   Thumb Code    32  llushr.o(.text)
    _ll_ushift_r                             0x08000125   Thumb Code     0  llushr.o(.text)
    __aeabi_memset                           0x08000145   Thumb Code    14  memseta.o(.text)
    __aeabi_memset4                          0x08000145   Thumb Code     0  memseta.o(.text)
    __aeabi_memset8                          0x08000145   Thumb Code     0  memseta.o(.text)
    __aeabi_memclr                           0x08000153   Thumb Code     4  memseta.o(.text)
    __aeabi_memclr4                          0x08000153   Thumb Code     0  memseta.o(.text)
    __aeabi_memclr8                          0x08000153   Thumb Code     0  memseta.o(.text)
    _memset$wrapper                          0x08000157   Thumb Code    18  memseta.o(.text)
    __aeabi_dadd                             0x08000169   Thumb Code   322  dadd.o(.text)
    __aeabi_dsub                             0x080002ab   Thumb Code     6  dadd.o(.text)
    __aeabi_drsub                            0x080002b1   Thumb Code     6  dadd.o(.text)
    __aeabi_ddiv                             0x080002b7   Thumb Code   222  ddiv.o(.text)
    __ARM_scalbn                             0x08000395   Thumb Code    46  dscalb.o(.text)
    scalbn                                   0x08000395   Thumb Code     0  dscalb.o(.text)
    __aeabi_d2iz                             0x080003c3   Thumb Code    62  dfixi.o(.text)
    __aeabi_uldivmod                         0x08000401   Thumb Code    98  uldiv.o(.text)
    __aeabi_llsl                             0x08000463   Thumb Code    30  llshl.o(.text)
    _ll_shift_l                              0x08000463   Thumb Code     0  llshl.o(.text)
    __aeabi_lasr                             0x08000481   Thumb Code    36  llsshr.o(.text)
    _ll_sshift_r                             0x08000481   Thumb Code     0  llsshr.o(.text)
    __I$use$fp                               0x080004a5   Thumb Code     0  iusefp.o(.text)
    _double_round                            0x080004a5   Thumb Code    30  depilogue.o(.text)
    _double_epilogue                         0x080004c3   Thumb Code   156  depilogue.o(.text)
    __aeabi_dmul                             0x0800055f   Thumb Code   228  dmul.o(.text)
    __aeabi_i2d                              0x08000643   Thumb Code    34  dflti.o(.text)
    __aeabi_cdcmpeq                          0x08000665   Thumb Code     0  cdcmple.o(.text)
    __aeabi_cdcmple                          0x08000665   Thumb Code    48  cdcmple.o(.text)
    __scatterload                            0x08000695   Thumb Code    28  init.o(.text)
    __scatterload_rt2                        0x08000695   Thumb Code     0  init.o(.text)
    __decompress                             0x080006b9   Thumb Code     0  __dczerorl2.o(.text)
    __decompress1                            0x080006b9   Thumb Code    86  __dczerorl2.o(.text)
    ADC_ConversionStop_Disable               0x08000711   Thumb Code    76  stm32f1xx_hal_adc.o(i.ADC_ConversionStop_Disable)
    ADC_Enable                               0x0800075d   Thumb Code   104  stm32f1xx_hal_adc.o(i.ADC_Enable)
    BusFault_Handler                         0x080007cd   Thumb Code     2  stm32f1xx_it.o(i.BusFault_Handler)
    DebugMon_Handler                         0x080007cf   Thumb Code     2  stm32f1xx_it.o(i.DebugMon_Handler)
    EEPROM_PageErase                         0x080007d1   Thumb Code    88  eeprom.o(i.EEPROM_PageErase)
    EEPROM_Read                              0x08000831   Thumb Code   146  eeprom.o(i.EEPROM_Read)
    EEPROM_Write                             0x080008cd   Thumb Code   156  eeprom.o(i.EEPROM_Write)
    EEPROM_outrangeprint                     0x08000971   Thumb Code    42  eeprom.o(i.EEPROM_outrangeprint)
    EEPROM_rangeerase                        0x080009a9   Thumb Code    22  eeprom.o(i.EEPROM_rangeerase)
    Error_Handler                            0x080009bf   Thumb Code     4  main.o(i.Error_Handler)
    Get_Time                                 0x080009c5   Thumb Code   126  ds3231.o(i.Get_Time)
    HAL_ADC_ConfigChannel                    0x08000a49   Thumb Code   240  stm32f1xx_hal_adc.o(i.HAL_ADC_ConfigChannel)
    HAL_ADC_GetValue                         0x08000b45   Thumb Code     6  stm32f1xx_hal_adc.o(i.HAL_ADC_GetValue)
    HAL_ADC_Init                             0x08000b4d   Thumb Code   272  stm32f1xx_hal_adc.o(i.HAL_ADC_Init)
    HAL_ADC_MspInit                          0x08000c69   Thumb Code    76  adc.o(i.HAL_ADC_MspInit)
    HAL_ADC_PollForConversion                0x08000cc1   Thumb Code   290  stm32f1xx_hal_adc.o(i.HAL_ADC_PollForConversion)
    HAL_ADC_Start                            0x08000df1   Thumb Code   184  stm32f1xx_hal_adc.o(i.HAL_ADC_Start)
    HAL_DMA_Abort_IT                         0x08000eb1   Thumb Code   148  stm32f1xx_hal_dma.o(i.HAL_DMA_Abort_IT)
    HAL_Delay                                0x08000f49   Thumb Code    32  stm32f1xx_hal.o(i.HAL_Delay)
    HAL_GPIO_Init                            0x08000f6d   Thumb Code   446  stm32f1xx_hal_gpio.o(i.HAL_GPIO_Init)
    HAL_GPIO_WritePin                        0x0800114d   Thumb Code    10  stm32f1xx_hal_gpio.o(i.HAL_GPIO_WritePin)
    HAL_GetTick                              0x08001159   Thumb Code     6  stm32f1xx_hal.o(i.HAL_GetTick)
    HAL_I2C_Init                             0x08001165   Thumb Code   376  stm32f1xx_hal_i2c.o(i.HAL_I2C_Init)
    HAL_I2C_Mem_Read                         0x080012ed   Thumb Code   574  stm32f1xx_hal_i2c.o(i.HAL_I2C_Mem_Read)
    HAL_I2C_Mem_Write                        0x0800153d   Thumb Code   294  stm32f1xx_hal_i2c.o(i.HAL_I2C_Mem_Write)
    HAL_I2C_MspInit                          0x0800166d   Thumb Code   124  i2c.o(i.HAL_I2C_MspInit)
    HAL_IncTick                              0x080016f9   Thumb Code    12  stm32f1xx_hal.o(i.HAL_IncTick)
    HAL_Init                                 0x08001709   Thumb Code    32  stm32f1xx_hal.o(i.HAL_Init)
    HAL_InitTick                             0x0800172d   Thumb Code    54  stm32f1xx_hal.o(i.HAL_InitTick)
    HAL_MspInit                              0x0800176d   Thumb Code    52  stm32f1xx_hal_msp.o(i.HAL_MspInit)
    HAL_NVIC_EnableIRQ                       0x080017a9   Thumb Code    26  stm32f1xx_hal_cortex.o(i.HAL_NVIC_EnableIRQ)
    HAL_NVIC_SetPriority                     0x080017c5   Thumb Code    60  stm32f1xx_hal_cortex.o(i.HAL_NVIC_SetPriority)
    HAL_NVIC_SetPriorityGrouping             0x08001805   Thumb Code    26  stm32f1xx_hal_cortex.o(i.HAL_NVIC_SetPriorityGrouping)
    HAL_RCCEx_GetPeriphCLKFreq               0x08001829   Thumb Code   166  stm32f1xx_hal_rcc_ex.o(i.HAL_RCCEx_GetPeriphCLKFreq)
    HAL_RCCEx_PeriphCLKConfig                0x080018f1   Thumb Code   224  stm32f1xx_hal_rcc_ex.o(i.HAL_RCCEx_PeriphCLKConfig)
    HAL_RCC_ClockConfig                      0x080019dd   Thumb Code   280  stm32f1xx_hal_rcc.o(i.HAL_RCC_ClockConfig)
    HAL_RCC_GetPCLK1Freq                     0x08001b09   Thumb Code    20  stm32f1xx_hal_rcc.o(i.HAL_RCC_GetPCLK1Freq)
    HAL_RCC_GetPCLK2Freq                     0x08001b29   Thumb Code    20  stm32f1xx_hal_rcc.o(i.HAL_RCC_GetPCLK2Freq)
    HAL_RCC_GetSysClockFreq                  0x08001b49   Thumb Code    74  stm32f1xx_hal_rcc.o(i.HAL_RCC_GetSysClockFreq)
    HAL_RCC_OscConfig                        0x08001bb5   Thumb Code   778  stm32f1xx_hal_rcc.o(i.HAL_RCC_OscConfig)
    HAL_SPI_Init                             0x08001ed5   Thumb Code   178  stm32f1xx_hal_spi.o(i.HAL_SPI_Init)
    HAL_SPI_MspInit                          0x08001f89   Thumb Code    98  spi.o(i.HAL_SPI_MspInit)
    HAL_SPI_TransmitReceive                  0x08001ff9   Thumb Code   482  stm32f1xx_hal_spi.o(i.HAL_SPI_TransmitReceive)
    HAL_SYSTICK_Config                       0x080021db   Thumb Code    40  stm32f1xx_hal_cortex.o(i.HAL_SYSTICK_Config)
    HAL_UART_ErrorCallback                   0x08002203   Thumb Code     2  stm32f1xx_hal_uart.o(i.HAL_UART_ErrorCallback)
    HAL_UART_IRQHandler                      0x08002205   Thumb Code   344  stm32f1xx_hal_uart.o(i.HAL_UART_IRQHandler)
    HAL_UART_Init                            0x08002361   Thumb Code    98  stm32f1xx_hal_uart.o(i.HAL_UART_Init)
    HAL_UART_MspInit                         0x080023c5   Thumb Code   116  usart.o(i.HAL_UART_MspInit)
    HAL_UART_Receive_IT                      0x08002445   Thumb Code    82  stm32f1xx_hal_uart.o(i.HAL_UART_Receive_IT)
    HAL_UART_RxCpltCallback                  0x08002499   Thumb Code    70  main.o(i.HAL_UART_RxCpltCallback)
    HAL_UART_Transmit                        0x080024fd   Thumb Code   178  stm32f1xx_hal_uart.o(i.HAL_UART_Transmit)
    HAL_UART_TxCpltCallback                  0x080025af   Thumb Code     2  stm32f1xx_hal_uart.o(i.HAL_UART_TxCpltCallback)
    HardFault_Handler                        0x080025b1   Thumb Code     2  stm32f1xx_it.o(i.HardFault_Handler)
    MFRC522_AntennaOn                        0x08002981   Thumb Code    26  rc522.o(i.MFRC522_AntennaOn)
    MFRC522_Anticoll                         0x0800299b   Thumb Code    66  rc522.o(i.MFRC522_Anticoll)
    MFRC522_ClearBitMask                     0x080029dd   Thumb Code    24  rc522.o(i.MFRC522_ClearBitMask)
    MFRC522_Init                             0x080029f5   Thumb Code    70  rc522.o(i.MFRC522_Init)
    MFRC522_ReadRegister                     0x08002a3b   Thumb Code    14  rc522.o(i.MFRC522_ReadRegister)
    MFRC522_Request                          0x08002a49   Thumb Code    46  rc522.o(i.MFRC522_Request)
    MFRC522_Reset                            0x08002a77   Thumb Code     8  rc522.o(i.MFRC522_Reset)
    MFRC522_SetBitMask                       0x08002a7f   Thumb Code    24  rc522.o(i.MFRC522_SetBitMask)
    MFRC522_ToCard                           0x08002a97   Thumb Code   276  rc522.o(i.MFRC522_ToCard)
    MFRC522_WriteRegister                    0x08002bab   Thumb Code    10  rc522.o(i.MFRC522_WriteRegister)
    MX_ADC1_Init                             0x08002bb5   Thumb Code    70  adc.o(i.MX_ADC1_Init)
    MX_GPIO_Init                             0x08002c05   Thumb Code   210  gpio.o(i.MX_GPIO_Init)
    MX_I2C1_Init                             0x08002ced   Thumb Code    50  i2c.o(i.MX_I2C1_Init)
    MX_I2C2_Init                             0x08002d2d   Thumb Code    50  i2c.o(i.MX_I2C2_Init)
    MX_SPI1_Init                             0x08002d6d   Thumb Code    62  spi.o(i.MX_SPI1_Init)
    MX_USART1_UART_Init                      0x08002db5   Thumb Code    48  usart.o(i.MX_USART1_UART_Init)
    MemManage_Handler                        0x08002ded   Thumb Code     2  stm32f1xx_it.o(i.MemManage_Handler)
    NMI_Handler                              0x08002def   Thumb Code     2  stm32f1xx_it.o(i.NMI_Handler)
    OLED_Clear                               0x08002df1   Thumb Code    52  oled.o(i.OLED_Clear)
    OLED_DrawBMP                             0x08002e25   Thumb Code    64  oled.o(i.OLED_DrawBMP)
    OLED_Init                                0x08002e65   Thumb Code    16  oled.o(i.OLED_Init)
    OLED_Set_Pos                             0x08002e75   Thumb Code    34  oled.o(i.OLED_Set_Pos)
    OLED_ShowCHinese                         0x08002e99   Thumb Code    70  oled.o(i.OLED_ShowCHinese)
    OLED_ShowChar                            0x08002ee5   Thumb Code   126  oled.o(i.OLED_ShowChar)
    OLED_ShowString                          0x08002f6d   Thumb Code    54  oled.o(i.OLED_ShowString)
    OLED_WR_CMD                              0x08002fa5   Thumb Code    32  oled.o(i.OLED_WR_CMD)
    OLED_WR_DATA                             0x08002fc9   Thumb Code    32  oled.o(i.OLED_WR_DATA)
    PendSV_Handler                           0x08002fed   Thumb Code     2  stm32f1xx_it.o(i.PendSV_Handler)
    SPI1SendByte                             0x08002ff1   Thumb Code    28  rc522.o(i.SPI1SendByte)
    SPI1_ReadReg                             0x08003011   Thumb Code    44  rc522.o(i.SPI1_ReadReg)
    SPI1_WriteReg                            0x08003041   Thumb Code    44  rc522.o(i.SPI1_WriteReg)
    SVC_Handler                              0x08003149   Thumb Code     2  stm32f1xx_it.o(i.SVC_Handler)
    SysTick_Handler                          0x0800314b   Thumb Code     4  stm32f1xx_it.o(i.SysTick_Handler)
    SystemClock_Config                       0x0800314f   Thumb Code   120  main.o(i.SystemClock_Config)
    SystemInit                               0x080031c7   Thumb Code     2  system_stm32f1xx.o(i.SystemInit)
    USART1_IRQHandler                        0x0800339d   Thumb Code     6  stm32f1xx_it.o(i.USART1_IRQHandler)
    UsageFault_Handler                       0x080033a9   Thumb Code     2  stm32f1xx_it.o(i.UsageFault_Handler)
    WriteCmd                                 0x080033ad   Thumb Code    42  oled.o(i.WriteCmd)
    __0printf$8                              0x080033e1   Thumb Code    22  printf8.o(i.__0printf$8)
    __1printf$8                              0x080033e1   Thumb Code     0  printf8.o(i.__0printf$8)
    __2printf                                0x080033e1   Thumb Code     0  printf8.o(i.__0printf$8)
    __0sprintf$8                             0x08003401   Thumb Code    34  printf8.o(i.__0sprintf$8)
    __1sprintf$8                             0x08003401   Thumb Code     0  printf8.o(i.__0sprintf$8)
    __2sprintf                               0x08003401   Thumb Code     0  printf8.o(i.__0sprintf$8)
    __kernel_poly                            0x08003449   Thumb Code   170  poly.o(i.__kernel_poly)
    __mathlib_dbl_divzero                    0x080034f5   Thumb Code    12  dunder.o(i.__mathlib_dbl_divzero)
    __mathlib_dbl_infnan                     0x08003505   Thumb Code     6  dunder.o(i.__mathlib_dbl_infnan)
    __mathlib_dbl_invalid                    0x0800350b   Thumb Code    12  dunder.o(i.__mathlib_dbl_invalid)
    __scatterload_copy                       0x08003517   Thumb Code    14  handlers.o(i.__scatterload_copy)
    __scatterload_null                       0x08003525   Thumb Code     2  handlers.o(i.__scatterload_null)
    __scatterload_zeroinit                   0x08003527   Thumb Code    14  handlers.o(i.__scatterload_zeroinit)
    __set_errno                              0x08003535   Thumb Code     6  errno.o(i.__set_errno)
    bcdToDec                                 0x080039ad   Thumb Code    16  ds3231.o(i.bcdToDec)
    bytestowrite                             0x080039bd   Thumb Code    14  eeprom.o(i.bytestowrite)
    fputc                                    0x080039cd   Thumb Code    20  usart.o(i.fputc)
    ledb                                     0x080039e5   Thumb Code    60  gpio.o(i.ledb)
    ledg                                     0x08003a25   Thumb Code    60  gpio.o(i.ledg)
    ledr                                     0x08003a65   Thumb Code    60  gpio.o(i.ledr)
    log                                      0x08003aa5   Thumb Code   808  log.o(i.log)
    main                                     0x08003e01   Thumb Code  1824  main.o(i.main)
    startscreen                              0x08004599   Thumb Code   338  oled.o(i.startscreen)
    F6x8                                     0x080046f0   Data         552  oled.o(.constdata)
    F8X16                                    0x08004918   Data        1520  oled.o(.constdata)
    AHBPrescTable                            0x08004f08   Data          16  system_stm32f1xx.o(.constdata)
    APBPrescTable                            0x08004f18   Data           8  system_stm32f1xx.o(.constdata)
    __mathlib_zero                           0x08004f58   Data           8  qnan.o(.constdata)
    Region$$Table$$Base                      0x08004fa8   Number         0  anon$$obj.o(Region$$Table)
    Region$$Table$$Limit                     0x08004fc8   Number         0  anon$$obj.o(Region$$Table)
    timeflag                                 0x20000000   Data           1  main.o(.data)
    eep00                                    0x20000001   Data           1  main.o(.data)
    docnum                                   0x20000002   Data           1  main.o(.data)
    is                                       0x20000003   Data           1  main.o(.data)
    ik                                       0x20000004   Data           1  main.o(.data)
    newflag                                  0x20000005   Data           1  main.o(.data)
    init2flag                                0x20000006   Data           1  main.o(.data)
    rxcmd                                    0x20000007   Data           1  main.o(.data)
    docloca                                  0x20000008   Data           2  main.o(.data)
    adcval                                   0x2000000c   Data           4  main.o(.data)
    screenstr                                0x20000010   Data           4  main.o(.data)
    ntime                                    0x20000014   Data           7  main.o(.data)
    docid                                    0x2000001b   Data           8  main.o(.data)
    Hzk                                      0x20000023   Data        2048  oled.o(.data)
    BMP1                                     0x20000823   Data        1024  oled.o(.data)
    CMD_Data                                 0x20000c23   Data          27  oled.o(.data)
    uwTickFreq                               0x20000c40   Data           1  stm32f1xx_hal.o(.data)
    uwTickPrio                               0x20000c44   Data           4  stm32f1xx_hal.o(.data)
    uwTick                                   0x20000c48   Data           4  stm32f1xx_hal.o(.data)
    SystemCoreClock                          0x20000c4c   Data           4  system_stm32f1xx.o(.data)
    __stdout                                 0x20000c50   Data           4  stdout.o(.data)
    docidraw                                 0x20000c58   Data          14  main.o(.bss)
    timestr                                  0x20000c66   Data          15  main.o(.bss)
    CardID                                   0x20000c75   Data          16  main.o(.bss)
    savedid                                  0x20000c85   Data         400  main.o(.bss)
    hadc1                                    0x20000e18   Data          48  adc.o(.bss)
    hi2c1                                    0x20000e48   Data          84  i2c.o(.bss)
    hi2c2                                    0x20000e9c   Data          84  i2c.o(.bss)
    hspi1                                    0x20000ef0   Data          88  spi.o(.bss)
    huart1                                   0x20000f48   Data          64  usart.o(.bss)
    __initial_sp                             0x20001388   Data           0  startup_stm32f103xb.o(STACK)



==============================================================================

Memory Map of the image

  Image Entry point : 0x080000ed

  Load Region LR_IROM1 (Base: 0x08000000, Size: 0x00005c20, Max: 0x00010000, ABSOLUTE, COMPRESSED[0x00005614])

    Execution Region ER_IROM1 (Exec base: 0x08000000, Load base: 0x08000000, Size: 0x00004fc8, Max: 0x00010000, ABSOLUTE)

    Exec Addr    Load Addr    Size         Type   Attr      Idx    E Section Name        Object

    0x08000000   0x08000000   0x000000ec   Data   RO            3    RESET               startup_stm32f103xb.o
    0x080000ec   0x080000ec   0x00000000   Code   RO         3395  * .ARM.Collect$$$$00000000  mc_w.l(entry.o)
    0x080000ec   0x080000ec   0x00000004   Code   RO         3692    .ARM.Collect$$$$00000001  mc_w.l(entry2.o)
    0x080000f0   0x080000f0   0x00000004   Code   RO         3695    .ARM.Collect$$$$00000004  mc_w.l(entry5.o)
    0x080000f4   0x080000f4   0x00000000   Code   RO         3697    .ARM.Collect$$$$00000008  mc_w.l(entry7b.o)
    0x080000f4   0x080000f4   0x00000000   Code   RO         3699    .ARM.Collect$$$$0000000A  mc_w.l(entry8b.o)
    0x080000f4   0x080000f4   0x00000008   Code   RO         3700    .ARM.Collect$$$$0000000B  mc_w.l(entry9a.o)
    0x080000fc   0x080000fc   0x00000000   Code   RO         3702    .ARM.Collect$$$$0000000D  mc_w.l(entry10a.o)
    0x080000fc   0x080000fc   0x00000000   Code   RO         3704    .ARM.Collect$$$$0000000F  mc_w.l(entry11a.o)
    0x080000fc   0x080000fc   0x00000004   Code   RO         3693    .ARM.Collect$$$$00002712  mc_w.l(entry2.o)
    0x08000100   0x08000100   0x00000024   Code   RO            4    .text               startup_stm32f103xb.o
    0x08000124   0x08000124   0x00000020   Code   RO         3398    .text               mc_w.l(llushr.o)
    0x08000144   0x08000144   0x00000024   Code   RO         3400    .text               mc_w.l(memseta.o)
    0x08000168   0x08000168   0x0000014e   Code   RO         3663    .text               mf_w.l(dadd.o)
    0x080002b6   0x080002b6   0x000000de   Code   RO         3665    .text               mf_w.l(ddiv.o)
    0x08000394   0x08000394   0x0000002e   Code   RO         3667    .text               mf_w.l(dscalb.o)
    0x080003c2   0x080003c2   0x0000003e   Code   RO         3671    .text               mf_w.l(dfixi.o)
    0x08000400   0x08000400   0x00000062   Code   RO         3709    .text               mc_w.l(uldiv.o)
    0x08000462   0x08000462   0x0000001e   Code   RO         3711    .text               mc_w.l(llshl.o)
    0x08000480   0x08000480   0x00000024   Code   RO         3713    .text               mc_w.l(llsshr.o)
    0x080004a4   0x080004a4   0x00000000   Code   RO         3722    .text               mc_w.l(iusefp.o)
    0x080004a4   0x080004a4   0x000000ba   Code   RO         3725    .text               mf_w.l(depilogue.o)
    0x0800055e   0x0800055e   0x000000e4   Code   RO         3727    .text               mf_w.l(dmul.o)
    0x08000642   0x08000642   0x00000022   Code   RO         3729    .text               mf_w.l(dflti.o)
    0x08000664   0x08000664   0x00000030   Code   RO         3733    .text               mf_w.l(cdcmple.o)
    0x08000694   0x08000694   0x00000024   Code   RO         3737    .text               mc_w.l(init.o)
    0x080006b8   0x080006b8   0x00000056   Code   RO         3747    .text               mc_w.l(__dczerorl2.o)
    0x0800070e   0x0800070e   0x00000002   PAD
    0x08000710   0x08000710   0x0000004c   Code   RO          993    i.ADC_ConversionStop_Disable  stm32f1xx_hal_adc.o
    0x0800075c   0x0800075c   0x00000070   Code   RO          997    i.ADC_Enable        stm32f1xx_hal_adc.o
    0x080007cc   0x080007cc   0x00000002   Code   RO          435    i.BusFault_Handler  stm32f1xx_it.o
    0x080007ce   0x080007ce   0x00000002   Code   RO          436    i.DebugMon_Handler  stm32f1xx_it.o
    0x080007d0   0x080007d0   0x00000060   Code   RO          595    i.EEPROM_PageErase  eeprom.o
    0x08000830   0x08000830   0x0000009c   Code   RO          596    i.EEPROM_Read       eeprom.o
    0x080008cc   0x080008cc   0x000000a4   Code   RO          598    i.EEPROM_Write      eeprom.o
    0x08000970   0x08000970   0x00000038   Code   RO          600    i.EEPROM_outrangeprint  eeprom.o
    0x080009a8   0x080009a8   0x00000016   Code   RO          601    i.EEPROM_rangeerase  eeprom.o
    0x080009be   0x080009be   0x00000004   Code   RO           13    i.Error_Handler     main.o
    0x080009c2   0x080009c2   0x00000002   PAD
    0x080009c4   0x080009c4   0x00000084   Code   RO          542    i.Get_Time          ds3231.o
    0x08000a48   0x08000a48   0x000000fc   Code   RO          999    i.HAL_ADC_ConfigChannel  stm32f1xx_hal_adc.o
    0x08000b44   0x08000b44   0x00000006   Code   RO         1006    i.HAL_ADC_GetValue  stm32f1xx_hal_adc.o
    0x08000b4a   0x08000b4a   0x00000002   PAD
    0x08000b4c   0x08000b4c   0x0000011c   Code   RO         1008    i.HAL_ADC_Init      stm32f1xx_hal_adc.o
    0x08000c68   0x08000c68   0x00000058   Code   RO          256    i.HAL_ADC_MspInit   adc.o
    0x08000cc0   0x08000cc0   0x00000130   Code   RO         1012    i.HAL_ADC_PollForConversion  stm32f1xx_hal_adc.o
    0x08000df0   0x08000df0   0x000000c0   Code   RO         1014    i.HAL_ADC_Start     stm32f1xx_hal_adc.o
    0x08000eb0   0x08000eb0   0x00000098   Code   RO         1649    i.HAL_DMA_Abort_IT  stm32f1xx_hal_dma.o
    0x08000f48   0x08000f48   0x00000024   Code   RO         1276    i.HAL_Delay         stm32f1xx_hal.o
    0x08000f6c   0x08000f6c   0x000001e0   Code   RO         1584    i.HAL_GPIO_Init     stm32f1xx_hal_gpio.o
    0x0800114c   0x0800114c   0x0000000a   Code   RO         1588    i.HAL_GPIO_WritePin  stm32f1xx_hal_gpio.o
    0x08001156   0x08001156   0x00000002   PAD
    0x08001158   0x08001158   0x0000000c   Code   RO         1280    i.HAL_GetTick       stm32f1xx_hal.o
    0x08001164   0x08001164   0x00000188   Code   RO         2255    i.HAL_I2C_Init      stm32f1xx_hal_i2c.o
    0x080012ec   0x080012ec   0x00000250   Code   RO         2273    i.HAL_I2C_Mem_Read  stm32f1xx_hal_i2c.o
    0x0800153c   0x0800153c   0x00000130   Code   RO         2276    i.HAL_I2C_Mem_Write  stm32f1xx_hal_i2c.o
    0x0800166c   0x0800166c   0x0000008c   Code   RO          298    i.HAL_I2C_MspInit   i2c.o
    0x080016f8   0x080016f8   0x00000010   Code   RO         1286    i.HAL_IncTick       stm32f1xx_hal.o
    0x08001708   0x08001708   0x00000024   Code   RO         1287    i.HAL_Init          stm32f1xx_hal.o
    0x0800172c   0x0800172c   0x00000040   Code   RO         1288    i.HAL_InitTick      stm32f1xx_hal.o
    0x0800176c   0x0800176c   0x0000003c   Code   RO          517    i.HAL_MspInit       stm32f1xx_hal_msp.o
    0x080017a8   0x080017a8   0x0000001a   Code   RO         1744    i.HAL_NVIC_EnableIRQ  stm32f1xx_hal_cortex.o
    0x080017c2   0x080017c2   0x00000002   PAD
    0x080017c4   0x080017c4   0x00000040   Code   RO         1750    i.HAL_NVIC_SetPriority  stm32f1xx_hal_cortex.o
    0x08001804   0x08001804   0x00000024   Code   RO         1751    i.HAL_NVIC_SetPriorityGrouping  stm32f1xx_hal_cortex.o
    0x08001828   0x08001828   0x000000c8   Code   RO         1546    i.HAL_RCCEx_GetPeriphCLKFreq  stm32f1xx_hal_rcc_ex.o
    0x080018f0   0x080018f0   0x000000ec   Code   RO         1547    i.HAL_RCCEx_PeriphCLKConfig  stm32f1xx_hal_rcc_ex.o
    0x080019dc   0x080019dc   0x0000012c   Code   RO         1444    i.HAL_RCC_ClockConfig  stm32f1xx_hal_rcc.o
    0x08001b08   0x08001b08   0x00000020   Code   RO         1451    i.HAL_RCC_GetPCLK1Freq  stm32f1xx_hal_rcc.o
    0x08001b28   0x08001b28   0x00000020   Code   RO         1452    i.HAL_RCC_GetPCLK2Freq  stm32f1xx_hal_rcc.o
    0x08001b48   0x08001b48   0x0000006c   Code   RO         1453    i.HAL_RCC_GetSysClockFreq  stm32f1xx_hal_rcc.o
    0x08001bb4   0x08001bb4   0x00000320   Code   RO         1456    i.HAL_RCC_OscConfig  stm32f1xx_hal_rcc.o
    0x08001ed4   0x08001ed4   0x000000b2   Code   RO         2682    i.HAL_SPI_Init      stm32f1xx_hal_spi.o
    0x08001f86   0x08001f86   0x00000002   PAD
    0x08001f88   0x08001f88   0x00000070   Code   RO          346    i.HAL_SPI_MspInit   spi.o
    0x08001ff8   0x08001ff8   0x000001e2   Code   RO         2691    i.HAL_SPI_TransmitReceive  stm32f1xx_hal_spi.o
    0x080021da   0x080021da   0x00000028   Code   RO         1755    i.HAL_SYSTICK_Config  stm32f1xx_hal_cortex.o
    0x08002202   0x08002202   0x00000002   Code   RO         3050    i.HAL_UART_ErrorCallback  stm32f1xx_hal_uart.o
    0x08002204   0x08002204   0x0000015c   Code   RO         3053    i.HAL_UART_IRQHandler  stm32f1xx_hal_uart.o
    0x08002360   0x08002360   0x00000062   Code   RO         3054    i.HAL_UART_Init     stm32f1xx_hal_uart.o
    0x080023c2   0x080023c2   0x00000002   PAD
    0x080023c4   0x080023c4   0x00000080   Code   RO          388    i.HAL_UART_MspInit  usart.o
    0x08002444   0x08002444   0x00000052   Code   RO         3059    i.HAL_UART_Receive_IT  stm32f1xx_hal_uart.o
    0x08002496   0x08002496   0x00000002   PAD
    0x08002498   0x08002498   0x00000064   Code   RO           15    i.HAL_UART_RxCpltCallback  main.o
    0x080024fc   0x080024fc   0x000000b2   Code   RO         3062    i.HAL_UART_Transmit  stm32f1xx_hal_uart.o
    0x080025ae   0x080025ae   0x00000002   Code   RO         3065    i.HAL_UART_TxCpltCallback  stm32f1xx_hal_uart.o
    0x080025b0   0x080025b0   0x00000002   Code   RO          437    i.HardFault_Handler  stm32f1xx_it.o
    0x080025b2   0x080025b2   0x0000002e   Code   RO         2297    i.I2C_IsAcknowledgeFailed  stm32f1xx_hal_i2c.o
    0x080025e0   0x080025e0   0x000000fc   Code   RO         2307    i.I2C_RequestMemoryRead  stm32f1xx_hal_i2c.o
    0x080026dc   0x080026dc   0x000000a8   Code   RO         2308    i.I2C_RequestMemoryWrite  stm32f1xx_hal_i2c.o
    0x08002784   0x08002784   0x0000004c   Code   RO         2311    i.I2C_WaitOnBTFFlagUntilTimeout  stm32f1xx_hal_i2c.o
    0x080027d0   0x080027d0   0x00000068   Code   RO         2312    i.I2C_WaitOnFlagUntilTimeout  stm32f1xx_hal_i2c.o
    0x08002838   0x08002838   0x00000096   Code   RO         2313    i.I2C_WaitOnMasterAddressFlagUntilTimeout  stm32f1xx_hal_i2c.o
    0x080028ce   0x080028ce   0x00000066   Code   RO         2314    i.I2C_WaitOnRXNEFlagUntilTimeout  stm32f1xx_hal_i2c.o
    0x08002934   0x08002934   0x0000004c   Code   RO         2315    i.I2C_WaitOnTXEFlagUntilTimeout  stm32f1xx_hal_i2c.o
    0x08002980   0x08002980   0x0000001a   Code   RO          817    i.MFRC522_AntennaOn  rc522.o
    0x0800299a   0x0800299a   0x00000042   Code   RO          818    i.MFRC522_Anticoll  rc522.o
    0x080029dc   0x080029dc   0x00000018   Code   RO          822    i.MFRC522_ClearBitMask  rc522.o
    0x080029f4   0x080029f4   0x00000046   Code   RO          825    i.MFRC522_Init      rc522.o
    0x08002a3a   0x08002a3a   0x0000000e   Code   RO          827    i.MFRC522_ReadRegister  rc522.o
    0x08002a48   0x08002a48   0x0000002e   Code   RO          828    i.MFRC522_Request   rc522.o
    0x08002a76   0x08002a76   0x00000008   Code   RO          829    i.MFRC522_Reset     rc522.o
    0x08002a7e   0x08002a7e   0x00000018   Code   RO          831    i.MFRC522_SetBitMask  rc522.o
    0x08002a96   0x08002a96   0x00000114   Code   RO          832    i.MFRC522_ToCard    rc522.o
    0x08002baa   0x08002baa   0x0000000a   Code   RO          834    i.MFRC522_WriteRegister  rc522.o
    0x08002bb4   0x08002bb4   0x00000050   Code   RO          257    i.MX_ADC1_Init      adc.o
    0x08002c04   0x08002c04   0x000000e8   Code   RO          213    i.MX_GPIO_Init      gpio.o
    0x08002cec   0x08002cec   0x00000040   Code   RO          299    i.MX_I2C1_Init      i2c.o
    0x08002d2c   0x08002d2c   0x00000040   Code   RO          300    i.MX_I2C2_Init      i2c.o
    0x08002d6c   0x08002d6c   0x00000048   Code   RO          347    i.MX_SPI1_Init      spi.o
    0x08002db4   0x08002db4   0x00000038   Code   RO          389    i.MX_USART1_UART_Init  usart.o
    0x08002dec   0x08002dec   0x00000002   Code   RO          438    i.MemManage_Handler  stm32f1xx_it.o
    0x08002dee   0x08002dee   0x00000002   Code   RO          439    i.NMI_Handler       stm32f1xx_it.o
    0x08002df0   0x08002df0   0x00000034   Code   RO          683    i.OLED_Clear        oled.o
    0x08002e24   0x08002e24   0x00000040   Code   RO          686    i.OLED_DrawBMP      oled.o
    0x08002e64   0x08002e64   0x00000010   Code   RO          687    i.OLED_Init         oled.o
    0x08002e74   0x08002e74   0x00000022   Code   RO          689    i.OLED_Set_Pos      oled.o
    0x08002e96   0x08002e96   0x00000002   PAD
    0x08002e98   0x08002e98   0x0000004c   Code   RO          690    i.OLED_ShowCHinese  oled.o
    0x08002ee4   0x08002ee4   0x00000088   Code   RO          691    i.OLED_ShowChar     oled.o
    0x08002f6c   0x08002f6c   0x00000036   Code   RO          693    i.OLED_ShowString   oled.o
    0x08002fa2   0x08002fa2   0x00000002   PAD
    0x08002fa4   0x08002fa4   0x00000024   Code   RO          694    i.OLED_WR_CMD       oled.o
    0x08002fc8   0x08002fc8   0x00000024   Code   RO          695    i.OLED_WR_DATA      oled.o
    0x08002fec   0x08002fec   0x00000002   Code   RO          440    i.PendSV_Handler    stm32f1xx_it.o
    0x08002fee   0x08002fee   0x00000002   PAD
    0x08002ff0   0x08002ff0   0x00000020   Code   RO          835    i.SPI1SendByte      rc522.o
    0x08003010   0x08003010   0x00000030   Code   RO          836    i.SPI1_ReadReg      rc522.o
    0x08003040   0x08003040   0x00000030   Code   RO          837    i.SPI1_WriteReg     rc522.o
    0x08003070   0x08003070   0x00000020   Code   RO         2720    i.SPI_EndRxTxTransaction  stm32f1xx_hal_spi.o
    0x08003090   0x08003090   0x000000b8   Code   RO         2725    i.SPI_WaitFlagStateUntilTimeout  stm32f1xx_hal_spi.o
    0x08003148   0x08003148   0x00000002   Code   RO          441    i.SVC_Handler       stm32f1xx_it.o
    0x0800314a   0x0800314a   0x00000004   Code   RO          442    i.SysTick_Handler   stm32f1xx_it.o
    0x0800314e   0x0800314e   0x00000078   Code   RO           16    i.SystemClock_Config  main.o
    0x080031c6   0x080031c6   0x00000002   Code   RO         3351    i.SystemInit        system_stm32f1xx.o
    0x080031c8   0x080031c8   0x00000010   Code   RO         3067    i.UART_DMAAbortOnError  stm32f1xx_hal_uart.o
    0x080031d8   0x080031d8   0x0000001c   Code   RO         3077    i.UART_EndRxTransfer  stm32f1xx_hal_uart.o
    0x080031f4   0x080031f4   0x0000008c   Code   RO         3079    i.UART_Receive_IT   stm32f1xx_hal_uart.o
    0x08003280   0x08003280   0x000000b8   Code   RO         3080    i.UART_SetConfig    stm32f1xx_hal_uart.o
    0x08003338   0x08003338   0x00000064   Code   RO         3081    i.UART_WaitOnFlagUntilTimeout  stm32f1xx_hal_uart.o
    0x0800339c   0x0800339c   0x0000000c   Code   RO          443    i.USART1_IRQHandler  stm32f1xx_it.o
    0x080033a8   0x080033a8   0x00000002   Code   RO          444    i.UsageFault_Handler  stm32f1xx_it.o
    0x080033aa   0x080033aa   0x00000002   PAD
    0x080033ac   0x080033ac   0x00000034   Code   RO          696    i.WriteCmd          oled.o
    0x080033e0   0x080033e0   0x00000020   Code   RO         3609    i.__0printf$8       mc_w.l(printf8.o)
    0x08003400   0x08003400   0x00000028   Code   RO         3611    i.__0sprintf$8      mc_w.l(printf8.o)
    0x08003428   0x08003428   0x00000020   Code   RO         1757    i.__NVIC_SetPriority  stm32f1xx_hal_cortex.o
    0x08003448   0x08003448   0x000000aa   Code   RO         3689    i.__kernel_poly     m_ws.l(poly.o)
    0x080034f2   0x080034f2   0x00000002   PAD
    0x080034f4   0x080034f4   0x00000010   Code   RO         3675    i.__mathlib_dbl_divzero  m_ws.l(dunder.o)
    0x08003504   0x08003504   0x00000006   Code   RO         3676    i.__mathlib_dbl_infnan  m_ws.l(dunder.o)
    0x0800350a   0x0800350a   0x0000000c   Code   RO         3678    i.__mathlib_dbl_invalid  m_ws.l(dunder.o)
    0x08003516   0x08003516   0x0000000e   Code   RO         3741    i.__scatterload_copy  mc_w.l(handlers.o)
    0x08003524   0x08003524   0x00000002   Code   RO         3742    i.__scatterload_null  mc_w.l(handlers.o)
    0x08003526   0x08003526   0x0000000e   Code   RO         3743    i.__scatterload_zeroinit  mc_w.l(handlers.o)
    0x08003534   0x08003534   0x0000000c   Code   RO         3717    i.__set_errno       mc_w.l(errno.o)
    0x08003540   0x08003540   0x00000410   Code   RO         3616    i._printf_core      mc_w.l(printf8.o)
    0x08003950   0x08003950   0x00000024   Code   RO         3617    i._printf_post_padding  mc_w.l(printf8.o)
    0x08003974   0x08003974   0x0000002e   Code   RO         3618    i._printf_pre_padding  mc_w.l(printf8.o)
    0x080039a2   0x080039a2   0x0000000a   Code   RO         3620    i._sputc            mc_w.l(printf8.o)
    0x080039ac   0x080039ac   0x00000010   Code   RO          544    i.bcdToDec          ds3231.o
    0x080039bc   0x080039bc   0x0000000e   Code   RO          602    i.bytestowrite      eeprom.o
    0x080039ca   0x080039ca   0x00000002   PAD
    0x080039cc   0x080039cc   0x00000018   Code   RO          390    i.fputc             usart.o
    0x080039e4   0x080039e4   0x00000040   Code   RO          214    i.ledb              gpio.o
    0x08003a24   0x08003a24   0x00000040   Code   RO          215    i.ledg              gpio.o
    0x08003a64   0x08003a64   0x00000040   Code   RO          216    i.ledr              gpio.o
    0x08003aa4   0x08003aa4   0x0000035c   Code   RO         3386    i.log               m_ws.l(log.o)
    0x08003e00   0x08003e00   0x00000798   Code   RO           17    i.main              main.o
    0x08004598   0x08004598   0x00000158   Code   RO          700    i.startscreen       oled.o
    0x080046f0   0x080046f0   0x00000818   Data   RO          701    .constdata          oled.o
    0x08004f08   0x08004f08   0x00000010   Data   RO         3352    .constdata          system_stm32f1xx.o
    0x08004f18   0x08004f18   0x00000008   Data   RO         3353    .constdata          system_stm32f1xx.o
    0x08004f20   0x08004f20   0x00000038   Data   RO         3387    .constdata          m_ws.l(log.o)
    0x08004f58   0x08004f58   0x00000008   Data   RO         3691    .constdata          m_ws.l(qnan.o)
    0x08004f60   0x08004f60   0x00000045   Data   RO           23    .conststring        main.o
    0x08004fa5   0x08004fa5   0x00000003   PAD
    0x08004fa8   0x08004fa8   0x00000020   Data   RO         3739    Region$$Table       anon$$obj.o


    Execution Region RW_IRAM1 (Exec base: 0x20000000, Load base: 0x08004fc8, Size: 0x00001388, Max: 0x00005000, ABSOLUTE, COMPRESSED[0x0000064c])

    Exec Addr    Load Addr    Size         Type   Attr      Idx    E Section Name        Object

    0x20000000   COMPRESSED   0x00000023   Data   RW           24    .data               main.o
    0x20000023   COMPRESSED   0x00000c1b   Data   RW          702    .data               oled.o
    0x20000c3e   COMPRESSED   0x00000002   PAD
    0x20000c40   COMPRESSED   0x0000000c   Data   RW         1294    .data               stm32f1xx_hal.o
    0x20000c4c   COMPRESSED   0x00000004   Data   RW         3354    .data               system_stm32f1xx.o
    0x20000c50   COMPRESSED   0x00000004   Data   RW         3706    .data               mc_w.l(stdout.o)
    0x20000c54   COMPRESSED   0x00000004   Data   RW         3718    .data               mc_w.l(errno.o)
    0x20000c58        -       0x000001bd   Zero   RW           18    .bss                main.o
    0x20000e15   COMPRESSED   0x00000003   PAD
    0x20000e18        -       0x00000030   Zero   RW          258    .bss                adc.o
    0x20000e48        -       0x000000a8   Zero   RW          301    .bss                i2c.o
    0x20000ef0        -       0x00000058   Zero   RW          348    .bss                spi.o
    0x20000f48        -       0x00000040   Zero   RW          391    .bss                usart.o
    0x20000f88        -       0x00000400   Zero   RW            1    STACK               startup_stm32f103xb.o


==============================================================================

Image component sizes


      Code (inc. data)   RO Data    RW Data    ZI Data      Debug   Object Name

       168         22          0          0         48       1593   adc.o
       148          6          0          0          0       1431   ds3231.o
       508         40          0          0          0       5204   eeprom.o
       424         34          0          0          0       2604   gpio.o
       268         44          0          0        168       2206   i2c.o
      2168        588         69         35        445     427608   main.o
       900         40       2072       3099          0       7742   oled.o
       692         12          0          0          0       7991   rc522.o
       184         24          0          0         88       1605   spi.o
        36          8        236          0       1024        792   startup_stm32f103xb.o
       164         28          0         12          0       5805   stm32f1xx_hal.o
      1226         54          0          0          0       6408   stm32f1xx_hal_adc.o
       198         14          0          0          0      28867   stm32f1xx_hal_cortex.o
       152          4          0          0          0       1079   stm32f1xx_hal_dma.o
       490         34          0          0          0       2856   stm32f1xx_hal_gpio.o
      2262         56          0          0          0      12602   stm32f1xx_hal_i2c.o
        60          8          0          0          0        846   stm32f1xx_hal_msp.o
      1272        100          0          0          0       5116   stm32f1xx_hal_rcc.o
       436         46          0          0          0       2493   stm32f1xx_hal_rcc_ex.o
       876          4          0          0          0       4637   stm32f1xx_hal_spi.o
      1178         10          0          0          0       8815   stm32f1xx_hal_uart.o
        32          6          0          0          0       4182   stm32f1xx_it.o
         2          0         24          4          0       1083   system_stm32f1xx.o
       208         24          0          0         64       2210   usart.o

    ----------------------------------------------------------------------
     14076       1206       2436       3152       1840     545775   Object Totals
         0          0         32          0          0          0   (incl. Generated)
        24          0          3          2          3          0   (incl. Padding)

    ----------------------------------------------------------------------

      Code (inc. data)   RO Data    RW Data    ZI Data      Debug   Library Member Name

        34          4          0          0          0        204   dunder.o
       860         52         56          0          0        256   log.o
       170          0          0          0          0         96   poly.o
         0          0          8          0          0          0   qnan.o
        86          0          0          0          0          0   __dczerorl2.o
         0          0          0          0          0          0   entry.o
         0          0          0          0          0          0   entry10a.o
         0          0          0          0          0          0   entry11a.o
         8          4          0          0          0          0   entry2.o
         4          0          0          0          0          0   entry5.o
         0          0          0          0          0          0   entry7b.o
         0          0          0          0          0          0   entry8b.o
         8          4          0          0          0          0   entry9a.o
        12          6          0          4          0         68   errno.o
        30          0          0          0          0          0   handlers.o
        36          8          0          0          0         68   init.o
         0          0          0          0          0          0   iusefp.o
        30          0          0          0          0         68   llshl.o
        36          0          0          0          0         68   llsshr.o
        32          0          0          0          0         68   llushr.o
        36          0          0          0          0        108   memseta.o
      1204         60          0          0          0        504   printf8.o
         0          0          0          4          0          0   stdout.o
        98          0          0          0          0         92   uldiv.o
        48          0          0          0          0         68   cdcmple.o
       334          0          0          0          0        148   dadd.o
       222          0          0          0          0        100   ddiv.o
       186          0          0          0          0        176   depilogue.o
        62          0          0          0          0         80   dfixi.o
        34          0          0          0          0         76   dflti.o
       228          0          0          0          0         96   dmul.o
        46          0          0          0          0         80   dscalb.o

    ----------------------------------------------------------------------
      3848        138         64          8          0       2424   Library Totals
         4          0          0          0          0          0   (incl. Padding)

    ----------------------------------------------------------------------

      Code (inc. data)   RO Data    RW Data    ZI Data      Debug   Library Name

      1064         56         64          0          0        556   m_ws.l
      1620         82          0          8          0       1044   mc_w.l
      1160          0          0          0          0        824   mf_w.l

    ----------------------------------------------------------------------
      3848        138         64          8          0       2424   Library Totals

    ----------------------------------------------------------------------

==============================================================================


      Code (inc. data)   RO Data    RW Data    ZI Data      Debug   

     17924       1344       2500       3160       1840     541463   Grand Totals
     17924       1344       2500       1612       1840     541463   ELF Image Totals (compressed)
     17924       1344       2500       1612          0          0   ROM Totals

==============================================================================

    Total RO  Size (Code + RO Data)                20424 (  19.95kB)
    Total RW  Size (RW Data + ZI Data)              5000 (   4.88kB)
    Total ROM Size (Code + RO Data + RW Data)      22036 (  21.52kB)

==============================================================================

